Component: ARM Compiler 5.06 update 6 (build 750) Tool: armlink [4d35ed]

==============================================================================

Section Cross References

    stm32746g_nucleo\heap_4.o(i.prvHeapInit) refers to stm32746g_nucleo\heap_4.o(.bss) for .bss
    stm32746g_nucleo\heap_4.o(i.prvHeapInit) refers to stm32746g_nucleo\heap_4.o(.data) for .data
    stm32746g_nucleo\heap_4.o(i.prvInsertBlockIntoFreeList) refers to stm32746g_nucleo\heap_4.o(.data) for .data
    stm32746g_nucleo\heap_4.o(i.pvPortMalloc) refers to stm32746g_nucleo\tasks.o(i.vTaskSuspendAll) for vTaskSuspendAll
    stm32746g_nucleo\heap_4.o(i.pvPortMalloc) refers to stm32746g_nucleo\heap_4.o(i.prvHeapInit) for prvHeapInit
    stm32746g_nucleo\heap_4.o(i.pvPortMalloc) refers to stm32746g_nucleo\heap_4.o(i.prvInsertBlockIntoFreeList) for prvInsertBlockIntoFreeList
    stm32746g_nucleo\heap_4.o(i.pvPortMalloc) refers to stm32746g_nucleo\tasks.o(i.xTaskResumeAll) for xTaskResumeAll
    stm32746g_nucleo\heap_4.o(i.pvPortMalloc) refers to stm32746g_nucleo\heap_4.o(.data) for .data
    stm32746g_nucleo\heap_4.o(i.vPortFree) refers to stm32746g_nucleo\tasks.o(i.vTaskSuspendAll) for vTaskSuspendAll
    stm32746g_nucleo\heap_4.o(i.vPortFree) refers to stm32746g_nucleo\heap_4.o(i.prvInsertBlockIntoFreeList) for prvInsertBlockIntoFreeList
    stm32746g_nucleo\heap_4.o(i.vPortFree) refers to stm32746g_nucleo\tasks.o(i.xTaskResumeAll) for xTaskResumeAll
    stm32746g_nucleo\heap_4.o(i.vPortFree) refers to stm32746g_nucleo\heap_4.o(.data) for .data
    stm32746g_nucleo\heap_4.o(i.xPortGetFreeHeapSize) refers to stm32746g_nucleo\heap_4.o(.data) for .data
    stm32746g_nucleo\heap_4.o(i.xPortGetMinimumEverFreeHeapSize) refers to stm32746g_nucleo\heap_4.o(.data) for .data
    stm32746g_nucleo\port.o(.emb_text) refers to stm32746g_nucleo\tasks.o(i.vTaskSwitchContext) for vTaskSwitchContext
    stm32746g_nucleo\port.o(.emb_text) refers to stm32746g_nucleo\tasks.o(.data) for pxCurrentTCB
    stm32746g_nucleo\port.o(i.prvTaskExitError) refers to stm32746g_nucleo\port.o(.data) for .data
    stm32746g_nucleo\port.o(i.pxPortInitialiseStack) refers to stm32746g_nucleo\port.o(i.prvTaskExitError) for prvTaskExitError
    stm32746g_nucleo\port.o(i.vPortEndScheduler) refers to stm32746g_nucleo\port.o(.data) for .data
    stm32746g_nucleo\port.o(i.vPortEnterCritical) refers to stm32746g_nucleo\port.o(.data) for .data
    stm32746g_nucleo\port.o(i.vPortExitCritical) refers to stm32746g_nucleo\port.o(.data) for .data
    stm32746g_nucleo\port.o(i.vPortSetupTimerInterrupt) refers to stm32746g_nucleo\system_stm32f7xx.o(.data) for SystemCoreClock
    stm32746g_nucleo\port.o(i.vPortValidateInterruptPriority) refers to stm32746g_nucleo\port.o(.emb_text) for vPortGetIPSR
    stm32746g_nucleo\port.o(i.vPortValidateInterruptPriority) refers to stm32746g_nucleo\port.o(.data) for .data
    stm32746g_nucleo\port.o(i.xPortStartScheduler) refers to stm32746g_nucleo\port.o(i.vPortSetupTimerInterrupt) for vPortSetupTimerInterrupt
    stm32746g_nucleo\port.o(i.xPortStartScheduler) refers to stm32746g_nucleo\port.o(.emb_text) for __asm___6_port_c_39a90d8d__prvEnableVFP
    stm32746g_nucleo\port.o(i.xPortStartScheduler) refers to stm32746g_nucleo\port.o(.data) for .data
    stm32746g_nucleo\port.o(i.xPortSysTickHandler) refers to stm32746g_nucleo\tasks.o(i.xTaskIncrementTick) for xTaskIncrementTick
    stm32746g_nucleo\cmsis_os.o(i.osDelay) refers to stm32746g_nucleo\tasks.o(i.vTaskDelay) for vTaskDelay
    stm32746g_nucleo\cmsis_os.o(i.osKernelRunning) refers to stm32746g_nucleo\tasks.o(i.xTaskGetSchedulerState) for xTaskGetSchedulerState
    stm32746g_nucleo\cmsis_os.o(i.osKernelStart) refers to stm32746g_nucleo\tasks.o(i.vTaskStartScheduler) for vTaskStartScheduler
    stm32746g_nucleo\cmsis_os.o(i.osKernelSysTick) refers to stm32746g_nucleo\cmsis_os.o(i.inHandlerMode) for inHandlerMode
    stm32746g_nucleo\cmsis_os.o(i.osKernelSysTick) refers to stm32746g_nucleo\tasks.o(i.xTaskGetTickCountFromISR) for xTaskGetTickCountFromISR
    stm32746g_nucleo\cmsis_os.o(i.osKernelSysTick) refers to stm32746g_nucleo\tasks.o(i.xTaskGetTickCount) for xTaskGetTickCount
    stm32746g_nucleo\cmsis_os.o(i.osMailAlloc) refers to stm32746g_nucleo\cmsis_os.o(i.osPoolAlloc) for osPoolAlloc
    stm32746g_nucleo\cmsis_os.o(i.osMailCAlloc) refers to stm32746g_nucleo\cmsis_os.o(i.osMailAlloc) for osMailAlloc
    stm32746g_nucleo\cmsis_os.o(i.osMailCreate) refers to stm32746g_nucleo\heap_4.o(i.pvPortMalloc) for pvPortMalloc
    stm32746g_nucleo\cmsis_os.o(i.osMailCreate) refers to stm32746g_nucleo\queue.o(i.xQueueGenericCreate) for xQueueGenericCreate
    stm32746g_nucleo\cmsis_os.o(i.osMailCreate) refers to stm32746g_nucleo\cmsis_os.o(i.osPoolCreate) for osPoolCreate
    stm32746g_nucleo\cmsis_os.o(i.osMailCreate) refers to stm32746g_nucleo\heap_4.o(i.vPortFree) for vPortFree
    stm32746g_nucleo\cmsis_os.o(i.osMailFree) refers to stm32746g_nucleo\cmsis_os.o(i.osPoolFree) for osPoolFree
[...]
    xQueueGenericSendFromISR                 0x08010b99   Thumb Code   204  stm32746g_nucleo\queue.o(i.xQueueGenericSendFromISR)
    xQueueGiveFromISR                        0x08010c65   Thumb Code   172  stm32746g_nucleo\queue.o(i.xQueueGiveFromISR)
    xQueueReceive                            0x08010d11   Thumb Code   322  stm32746g_nucleo\queue.o(i.xQueueReceive)
    xQueueReceiveFromISR                     0x08010e59   Thumb Code   168  stm32746g_nucleo\queue.o(i.xQueueReceiveFromISR)
    xQueueSemaphoreTake                      0x08010f01   Thumb Code   392  stm32746g_nucleo\queue.o(i.xQueueSemaphoreTake)
    xTaskCheckForTimeOut                     0x0801108d   Thumb Code   112  stm32746g_nucleo\tasks.o(i.xTaskCheckForTimeOut)
    xTaskCreate                              0x08011101   Thumb Code    86  stm32746g_nucleo\tasks.o(i.xTaskCreate)
    xTaskGetSchedulerState                   0x08011159   Thumb Code    22  stm32746g_nucleo\tasks.o(i.xTaskGetSchedulerState)
    xTaskGetTickCount                        0x08011175   Thumb Code     6  stm32746g_nucleo\tasks.o(i.xTaskGetTickCount)
    xTaskGetTickCountFromISR                 0x08011181   Thumb Code    12  stm32746g_nucleo\tasks.o(i.xTaskGetTickCountFromISR)
    xTaskIncrementTick                       0x08011191   Thumb Code   196  stm32746g_nucleo\tasks.o(i.xTaskIncrementTick)
    xTaskPriorityDisinherit                  0x0801125d   Thumb Code   158  stm32746g_nucleo\tasks.o(i.xTaskPriorityDisinherit)
    xTaskPriorityInherit                     0x08011305   Thumb Code   144  stm32746g_nucleo\tasks.o(i.xTaskPriorityInherit)
    xTaskRemoveFromEventList                 0x0801139d   Thumb Code   112  stm32746g_nucleo\tasks.o(i.xTaskRemoveFromEventList)
    xTaskResumeAll                           0x08011415   Thumb Code   188  stm32746g_nucleo\tasks.o(i.xTaskResumeAll)
    AHBPrescTable                            0x080114dc   Data          16  stm32746g_nucleo\system_stm32f7xx.o(.constdata)
    APBPrescTable                            0x080114ec   Data           8  stm32746g_nucleo\system_stm32f7xx.o(.constdata)
    BUTTON_IRQn                              0x080114f4   Data           1  stm32746g_nucleo\stm32f7xx_nucleo_144.o(.constdata)
    BUTTON_PIN                               0x080114f6   Data           2  stm32746g_nucleo\stm32f7xx_nucleo_144.o(.constdata)
    GPIO_PIN                                 0x080114f8   Data           6  stm32746g_nucleo\stm32f7xx_nucleo_144.o(.constdata)
    ip_addr_any                              0x08011500   Data           4  stm32746g_nucleo\ip4_addr.o(.constdata)
    ip_addr_broadcast                        0x08011504   Data           4  stm32746g_nucleo\ip4_addr.o(.constdata)
    netconn_deleted                          0x08011508   Data           1  stm32746g_nucleo\api_msg.o(.constdata)
    netconn_aborted                          0x08011509   Data           1  stm32746g_nucleo\api_msg.o(.constdata)
    netconn_reset                            0x0801150a   Data           1  stm32746g_nucleo\api_msg.o(.constdata)
    netconn_closed                           0x0801150b   Data           1  stm32746g_nucleo\api_msg.o(.constdata)
    ethbroadcast                             0x0801150c   Data           6  stm32746g_nucleo\ethernet.o(.constdata)
    ethzero                                  0x08011512   Data           6  stm32746g_nucleo\ethernet.o(.constdata)
    os_mutex_def_lwip_sys_mutex              0x08011518   Data           4  stm32746g_nucleo\sys_arch.o(.constdata)
    os_semaphore_def_my_semaphore            0x08011524   Data           4  stm32746g_nucleo\main.o(.constdata)
    memp_UDP_PCB                             0x08011578   Data          12  stm32746g_nucleo\memp.o(.constdata)
    memp_TCP_PCB                             0x08011584   Data          12  stm32746g_nucleo\memp.o(.constdata)
    memp_TCP_PCB_LISTEN                      0x08011590   Data          12  stm32746g_nucleo\memp.o(.constdata)
    memp_TCP_SEG                             0x0801159c   Data          12  stm32746g_nucleo\memp.o(.constdata)
    memp_REASSDATA                           0x080115a8   Data          12  stm32746g_nucleo\memp.o(.constdata)
    memp_FRAG_PBUF                           0x080115b4   Data          12  stm32746g_nucleo\memp.o(.constdata)
    memp_NETBUF                              0x080115c0   Data          12  stm32746g_nucleo\memp.o(.constdata)
    memp_NETCONN                             0x080115cc   Data          12  stm32746g_nucleo\memp.o(.constdata)
    memp_TCPIP_MSG_API                       0x080115d8   Data          12  stm32746g_nucleo\memp.o(.constdata)
    memp_TCPIP_MSG_INPKT                     0x080115e4   Data          12  stm32746g_nucleo\memp.o(.constdata)
    memp_SYS_TIMEOUT                         0x080115f0   Data          12  stm32746g_nucleo\memp.o(.constdata)
    memp_PBUF                                0x080115fc   Data          12  stm32746g_nucleo\memp.o(.constdata)
    memp_PBUF_POOL                           0x08011608   Data          12  stm32746g_nucleo\memp.o(.constdata)
    memp_pools                               0x08011614   Data          52  stm32746g_nucleo\memp.o(.constdata)
    lwip_cyclic_timers                       0x08011648   Data          40  stm32746g_nucleo\timeouts.o(.constdata)
    tcp_pcb_lists                            0x080116b4   Data          16  stm32746g_nucleo\tcp.o(.constdata)
    __ctype_table                            0x080116c4   Data         129  C:\Keil_v5\ARM\ARMCC\Bin\..\lib\armlib\mc_w.l(ctype_o.o)(.constdata)
    Region$$Table$$Base                      0x08011bb8   Number         0  anon$$obj.o(Region$$Table)
    Region$$Table$$Limit                     0x08011bd8   Number         0  anon$$obj.o(Region$$Table)
    SystemCoreClock                          0x20000024   Data           4  stm32746g_nucleo\system_stm32f7xx.o(.data)
    BUTTON_PORT                              0x20000028   Data           4  stm32746g_nucleo\stm32f7xx_nucleo_144.o(.data)
    GPIO_PORT                                0x2000002c   Data          12  stm32746g_nucleo\stm32f7xx_nucleo_144.o(.data)
    dhcp_rx_options_given                    0x2000004c   Data           8  stm32746g_nucleo\dhcp.o(.data)
    pxCurrentTCB                             0x20000058   Data           4  stm32746g_nucleo\tasks.o(.data)
    lock_tcpip_core                          0x200000a0   Data           4  stm32746g_nucleo\tcpip.o(.data)
    lwip_sys_mutex                           0x200000a4   Data           4  stm32746g_nucleo\sys_arch.o(.data)
    Pulses                                   0x200000a8   Data           4  stm32746g_nucleo\main.o(.data)
    MotorTaskID                              0x200000ac   Data           4  stm32746g_nucleo\main.o(.data)
    Motor_q_id                               0x200000b0   Data           4  stm32746g_nucleo\main.o(.data)
    my_semaphore_id                          0x200000b4   Data           4  stm32746g_nucleo\main.o(.data)
    DHCP_state                               0x200000b8   Data           1  stm32746g_nucleo\app_ethernet.o(.data)
    conn                                     0x200000bc   Data           4  stm32746g_nucleo\httpserver-netconn.o(.data)
    newconn                                  0x200000c0   Data           4  stm32746g_nucleo\httpserver-netconn.o(.data)
    s_xSemaphore                             0x200000c4   Data           4  stm32746g_nucleo\ethernetif.o(.data)
    udp_pcbs                                 0x200000cc   Data           4  stm32746g_nucleo\udp.o(.data)
    tcp_input_pcb                            0x20000140   Data           4  stm32746g_nucleo\tcp_in.o(.data)
    tcp_active_pcbs_changed                  0x20000144   Data           1  stm32746g_nucleo\tcp.o(.data)
    tcp_ticks                                0x20000150   Data           4  stm32746g_nucleo\tcp.o(.data)
    tcp_bound_pcbs                           0x20000154   Data           4  stm32746g_nucleo\tcp.o(.data)
    tcp_listen_pcbs                          0x20000158   Data           4  stm32746g_nucleo\tcp.o(.data)
    tcp_active_pcbs                          0x2000015c   Data           4  stm32746g_nucleo\tcp.o(.data)
    tcp_tw_pcbs                              0x20000160   Data           4  stm32746g_nucleo\tcp.o(.data)
    netif_list                               0x20000168   Data           4  stm32746g_nucleo\netif.o(.data)
    netif_default                            0x2000016c   Data           4  stm32746g_nucleo\netif.o(.data)
    uwTickFreq                               0x20000170   Data           1  stm32746g_nucleo\stm32f7xx_hal.o(.data)
    uwTickPrio                               0x20000174   Data           4  stm32746g_nucleo\stm32f7xx_hal.o(.data)
    uwTick                                   0x20000178   Data           4  stm32746g_nucleo\stm32f7xx_hal.o(.data)
    __stdout                                 0x20000180   Data           4  C:\Keil_v5\ARM\ARMCC\Bin\..\lib\armlib\mc_w.l(stdout.o)(.data)
    dhcp_rx_options_val                      0x20005188   Data          32  stm32746g_nucleo\dhcp.o(.bss)
    xQueueRegistry                           0x20005298   Data          64  stm32746g_nucleo\queue.o(.bss)
    gnetif                                   0x200053b4   Data          56  stm32746g_nucleo\main.o(.bss)
    EthHandle                                0x200053ec   Data          72  stm32746g_nucleo\ethernetif.o(.bss)
    TimHandle                                0x20005434   Data          64  stm32746g_nucleo\stm32f7xx_hal_timebase_tim.o(.bss)
    memp_memory_UDP_PCB_base                 0x20005474   Data         195  stm32746g_nucleo\memp.o(.bss)
    memp_memory_TCP_PCB_base                 0x20005537   Data        1603  stm32746g_nucleo\memp.o(.bss)
    memp_memory_TCP_PCB_LISTEN_base          0x20005b7a   Data         143  stm32746g_nucleo\memp.o(.bss)
    memp_memory_TCP_SEG_base                 0x20005c09   Data         131  stm32746g_nucleo\memp.o(.bss)
    memp_memory_REASSDATA_base               0x20005c8c   Data         163  stm32746g_nucleo\memp.o(.bss)
    memp_memory_FRAG_PBUF_base               0x20005d2f   Data         363  stm32746g_nucleo\memp.o(.bss)
    memp_memory_NETBUF_base                  0x20005e9a   Data          35  stm32746g_nucleo\memp.o(.bss)
    memp_memory_NETCONN_base                 0x20005ebd   Data         179  stm32746g_nucleo\memp.o(.bss)
    memp_memory_TCPIP_MSG_API_base           0x20005f70   Data         131  stm32746g_nucleo\memp.o(.bss)
    memp_memory_TCPIP_MSG_INPKT_base         0x20005ff3   Data         131  stm32746g_nucleo\memp.o(.bss)
    memp_memory_SYS_TIMEOUT_base             0x20006076   Data         163  stm32746g_nucleo\memp.o(.bss)
    memp_memory_PBUF_base                    0x20006119   Data         163  stm32746g_nucleo\memp.o(.bss)
    memp_memory_PBUF_POOL_base               0x200061bc   Data       12323  stm32746g_nucleo\memp.o(.bss)
    ram_heap                                 0x200091df   Data       10259  stm32746g_nucleo\mem.o(.bss)
    ip_data                                  0x2000b9f4   Data          24  stm32746g_nucleo\ip.o(.bss)
    __initial_sp                             0x2000be80   Data           0  stm32746g_nucleo\startup_stm32f746xx.o(STACK)
    DMARxDscrTab                             0x2004c000   Data         128  stm32746g_nucleo\ethernetif.o(.ARM.__AT_0x2004C000)
    DMATxDscrTab                             0x2004c080   Data         128  stm32746g_nucleo\ethernetif.o(.ARM.__AT_0x2004C080)
    Rx_Buff                                  0x2004c100   Data        6096  stm32746g_nucleo\ethernetif.o(.ARM.__AT_0x2004C100)
    Tx_Buff                                  0x2004d8d0   Data        6096  stm32746g_nucleo\ethernetif.o(.ARM.__AT_0x2004D8D0)



==============================================================================

Memory Map of the image

  Image Entry point : 0x080001c9

  Load Region LR_IROM1 (Base: 0x08000000, Size: 0x00011d60, Max: 0x00100000, ABSOLUTE, COMPRESSED[0x00011bfc])

    Execution Region ER_IROM1 (Exec base: 0x08000000, Load base: 0x08000000, Size: 0x00011bd8, Max: 0x00100000, ABSOLUTE)

    Exec Addr    Load Addr    Size         Type   Attr      Idx    E Section Name        Object

    0x08000000   0x08000000   0x000001c8   Data   RO         8912    RESET               stm32746g_nucleo\startup_stm32f746xx.o
    0x080001c8   0x080001c8   0x00000000   Code   RO         9084  * .ARM.Collect$$$$00000000  C:\Keil_v5\ARM\ARMCC\Bin\..\lib\armlib\mc_w.l(entry.o)
    0x080001c8   0x080001c8   0x00000004   Code   RO         9405    .ARM.Collect$$$$00000001  C:\Keil_v5\ARM\ARMCC\Bin\..\lib\armlib\mc_w.l(entry2.o)
    0x080001cc   0x080001cc   0x00000004   Code   RO         9408    .ARM.Collect$$$$00000004  C:\Keil_v5\ARM\ARMCC\Bin\..\lib\armlib\mc_w.l(entry5.o)
    0x080001d0   0x080001d0   0x00000000   Code   RO         9410    .ARM.Collect$$$$00000008  C:\Keil_v5\ARM\ARMCC\Bin\..\lib\armlib\mc_w.l(entry7b.o)
    0x080001d0   0x080001d0   0x00000000   Code   RO         9412    .ARM.Collect$$$$0000000A  C:\Keil_v5\ARM\ARMCC\Bin\..\lib\armlib\mc_w.l(entry8b.o)
    0x080001d0   0x080001d0   0x00000008   Code   RO         9413    .ARM.Collect$$$$0000000B  C:\Keil_v5\ARM\ARMCC\Bin\..\lib\armlib\mc_w.l(entry9a.o)
    0x080001d8   0x080001d8   0x00000000   Code   RO         9415    .ARM.Collect$$$$0000000D  C:\Keil_v5\ARM\ARMCC\Bin\..\lib\armlib\mc_w.l(entry10a.o)
    0x080001d8   0x080001d8   0x00000000   Code   RO         9417    .ARM.Collect$$$$0000000F  C:\Keil_v5\ARM\ARMCC\Bin\..\lib\armlib\mc_w.l(entry11a.o)
    0x080001d8   0x080001d8   0x00000004   Code   RO         9406    .ARM.Collect$$$$00002712  C:\Keil_v5\ARM\ARMCC\Bin\..\lib\armlib\mc_w.l(entry2.o)
    0x080001dc   0x080001dc   0x000000c2   Code   RO           89    .emb_text           stm32746g_nucleo\port.o
    0x0800029e   0x0800029e   0x00000002   PAD
    0x080002a0   0x080002a0   0x00000024   Code   RO         8913    .text               stm32746g_nucleo\startup_stm32f746xx.o
    0x080002c4   0x080002c4   0x00000062   Code   RO         9087    .text               C:\Keil_v5\ARM\ARMCC\Bin\..\lib\armlib\mc_w.l(uldiv.o)
    0x08000326   0x08000326   0x00000002   PAD
    0x08000328   0x08000328   0x00000008   Code   RO         9089    .text               C:\Keil_v5\ARM\ARMCC\Bin\..\lib\armlib\mc_w.l(ctype_o.o)
    0x08000330   0x08000330   0x00000024   Code   RO         9117    .text               C:\Keil_v5\ARM\ARMCC\Bin\..\lib\armlib\mc_w.l(rand.o)
    0x08000354   0x08000354   0x00000040   Code   RO         9122    .text               C:\Keil_v5\ARM\ARMCC\Bin\..\lib\armlib\mc_w.l(memmovea.o)
    0x08000394   0x08000394   0x00000024   Code   RO         9124    .text               C:\Keil_v5\ARM\ARMCC\Bin\..\lib\armlib\mc_w.l(memseta.o)
    0x080003b8   0x080003b8   0x0000001a   Code   RO         9132    .text               C:\Keil_v5\ARM\ARMCC\Bin\..\lib\armlib\mc_w.l(memcmp.o)
    0x080003d2   0x080003d2   0x0000001a   Code   RO         9403    .text               C:\Keil_v5\ARM\ARMCC\Bin\..\lib\armlib\mc_w.l(atoi.o)
    0x080003ec   0x080003ec   0x0000002c   Code   RO         9422    .text               C:\Keil_v5\ARM\ARMCC\Bin\..\lib\armlib\mc_w.l(uidiv.o)
    0x08000418   0x08000418   0x0000001e   Code   RO         9424    .text               C:\Keil_v5\ARM\ARMCC\Bin\..\lib\armlib\mc_w.l(llshl.o)
    0x08000436   0x08000436   0x00000020   Code   RO         9426    .text               C:\Keil_v5\ARM\ARMCC\Bin\..\lib\armlib\mc_w.l(llushr.o)
    0x08000456   0x08000456   0x00000070   Code   RO         9435    .text               C:\Keil_v5\ARM\ARMCC\Bin\..\lib\armlib\mc_w.l(strtol.o)
    0x080004c6   0x080004c6   0x00000002   PAD
    0x080004c8   0x080004c8   0x00000024   Code   RO         9448    .text               C:\Keil_v5\ARM\ARMCC\Bin\..\lib\armlib\mc_w.l(init.o)
    0x080004ec   0x080004ec   0x00000000   Code   RO         9450    .text               C:\Keil_v5\ARM\ARMCC\Bin\..\lib\armlib\mc_w.l(semi.o)
    0x080004ec   0x080004ec   0x0000009e   Code   RO         9453    .text               C:\Keil_v5\ARM\ARMCC\Bin\..\lib\armlib\mc_w.l(_strtoul.o)
    0x0800058a   0x0800058a   0x00000000   Code   RO         9455    .text               C:\Keil_v5\ARM\ARMCC\Bin\..\lib\armlib\mc_w.l(iusesemip.o)
    0x0800058a   0x0800058a   0x0000001c   Code   RO         9458    .text               C:\Keil_v5\ARM\ARMCC\Bin\..\lib\armlib\mc_w.l(_chval.o)
    0x080005a6   0x080005a6   0x00000056   Code   RO         9468    .text               C:\Keil_v5\ARM\ARMCC\Bin\..\lib\armlib\mc_w.l(__dczerorl2.o)
    0x080005fc   0x080005fc   0x00000058   Code   RO          710    i.BSP_LED_Init      stm32746g_nucleo\stm32f7xx_nucleo_144.o
    0x08000654   0x08000654   0x0000001c   Code   RO          711    i.BSP_LED_Off       stm32746g_nucleo\stm32f7xx_nucleo_144.o
    0x08000670   0x08000670   0x0000001c   Code   RO          712    i.BSP_LED_On        stm32746g_nucleo\stm32f7xx_nucleo_144.o
    0x0800068c   0x0800068c   0x00000002   Code   RO         3585    i.BusFault_Handler  stm32746g_nucleo\stm32f7xx_it.o
    0x0800068e   0x0800068e   0x00000002   PAD
    0x08000690   0x08000690   0x0000007c   Code   RO         3267    i.CPU_CACHE_Enable  stm32746g_nucleo\main.o
    0x0800070c   0x0800070c   0x00000090   Code   RO         3399    i.DHCP_thread       stm32746g_nucleo\app_ethernet.o
    0x0800079c   0x0800079c   0x00000002   Code   RO         3586    i.DebugMon_Handler  stm32746g_nucleo\stm32f7xx_it.o
    0x0800079e   0x0800079e   0x0000002e   Code   RO         5826    i.ETH_FlushTransmitFIFO  stm32746g_nucleo\stm32f7xx_hal_eth.o
    0x080007cc   0x080007cc   0x0000000c   Code   RO         3587    i.ETH_IRQHandler    stm32746g_nucleo\stm32f7xx_it.o
    0x080007d8   0x080007d8   0x00000124   Code   RO         5827    i.ETH_MACDMAConfig  stm32746g_nucleo\stm32f7xx_hal_eth.o
    0x080008fc   0x080008fc   0x00000024   Code   RO         5378    i.HAL_Delay         stm32746g_nucleo\stm32f7xx_hal.o
    0x08000920   0x08000920   0x00000074   Code   RO         5830    i.HAL_ETH_DMARxDescListInit  stm32746g_nucleo\stm32f7xx_hal_eth.o
    0x08000994   0x08000994   0x00000084   Code   RO         5831    i.HAL_ETH_DMATxDescListInit  stm32746g_nucleo\stm32f7xx_hal_eth.o
    0x08000a18   0x08000a18   0x00000002   Code   RO         5833    i.HAL_ETH_ErrorCallback  stm32746g_nucleo\stm32f7xx_hal_eth.o
    0x08000a1a   0x08000a1a   0x0000008c   Code   RO         5835    i.HAL_ETH_GetReceivedFrame_IT  stm32746g_nucleo\stm32f7xx_hal_eth.o
    0x08000aa6   0x08000aa6   0x00000076   Code   RO         5837    i.HAL_ETH_IRQHandler  stm32746g_nucleo\stm32f7xx_hal_eth.o
    0x08000b1c   0x08000b1c   0x000001f0   Code   RO         5838    i.HAL_ETH_Init      stm32746g_nucleo\stm32f7xx_hal_eth.o
    0x08000d0c   0x08000d0c   0x000000dc   Code   RO         3500    i.HAL_ETH_MspInit   stm32746g_nucleo\ethernetif.o
    0x08000de8   0x08000de8   0x00000086   Code   RO         5841    i.HAL_ETH_ReadPHYRegister  stm32746g_nucleo\stm32f7xx_hal_eth.o
    0x08000e6e   0x08000e6e   0x00000002   PAD
    0x08000e70   0x08000e70   0x0000000c   Code   RO         3501    i.HAL_ETH_RxCpltCallback  stm32746g_nucleo\ethernetif.o
    0x08000e7c   0x08000e7c   0x00000084   Code   RO         5843    i.HAL_ETH_Start     stm32746g_nucleo\stm32f7xx_hal_eth.o
    0x08000f00   0x08000f00   0x00000112   Code   RO         5845    i.HAL_ETH_TransmitFrame  stm32746g_nucleo\stm32f7xx_hal_eth.o
    0x08001012   0x08001012   0x00000002   Code   RO         5846    i.HAL_ETH_TxCpltCallback  stm32746g_nucleo\stm32f7xx_hal_eth.o
    0x08001014   0x08001014   0x0000007a   Code   RO         5847    i.HAL_ETH_WritePHYRegister  stm32746g_nucleo\stm32f7xx_hal_eth.o
    0x0800108e   0x0800108e   0x00000002   PAD
    0x08001090   0x08001090   0x000001d8   Code   RO         7892    i.HAL_GPIO_Init     stm32746g_nucleo\stm32f7xx_hal_gpio.o
    0x08001268   0x08001268   0x0000000a   Code   RO         7896    i.HAL_GPIO_WritePin  stm32746g_nucleo\stm32f7xx_hal_gpio.o
    0x08001272   0x08001272   0x00000002   PAD
    0x08001274   0x08001274   0x0000000c   Code   RO         5386    i.HAL_GetTick       stm32746g_nucleo\stm32f7xx_hal.o
    0x08001280   0x08001280   0x00000010   Code   RO         5392    i.HAL_IncTick       stm32746g_nucleo\stm32f7xx_hal.o
    0x08001290   0x08001290   0x00000024   Code   RO         5393    i.HAL_Init          stm32746g_nucleo\stm32f7xx_hal.o
    0x080012b4   0x080012b4   0x00000080   Code   RO         3655    i.HAL_InitTick      stm32746g_nucleo\stm32f7xx_hal_timebase_tim.o
    0x08001334   0x08001334   0x0000005c   Code   RO         8778    i.HAL_MPU_ConfigRegion  stm32746g_nucleo\stm32f7xx_hal_cortex.o
    0x08001390   0x08001390   0x0000001c   Code   RO         8779    i.HAL_MPU_Disable   stm32746g_nucleo\stm32f7xx_hal_cortex.o
    0x080013ac   0x080013ac   0x00000024   Code   RO         8780    i.HAL_MPU_Enable    stm32746g_nucleo\stm32f7xx_hal_cortex.o
    0x080013d0   0x080013d0   0x00000002   Code   RO         5396    i.HAL_MspInit       stm32746g_nucleo\stm32f7xx_hal.o
    0x080013d2   0x080013d2   0x0000001a   Code   RO         8783    i.HAL_NVIC_EnableIRQ  stm32746g_nucleo\stm32f7xx_hal_cortex.o
    0x080013ec   0x080013ec   0x00000040   Code   RO         8789    i.HAL_NVIC_SetPriority  stm32746g_nucleo\stm32f7xx_hal_cortex.o
    0x0800142c   0x0800142c   0x00000024   Code   RO         8790    i.HAL_NVIC_SetPriorityGrouping  stm32746g_nucleo\stm32f7xx_hal_cortex.o
    0x08001450   0x08001450   0x0000006c   Code   RO         8235    i.HAL_PWREx_EnableOverDrive  stm32746g_nucleo\stm32f7xx_hal_pwr_ex.o
    0x080014bc   0x080014bc   0x00000130   Code   RO         5975    i.HAL_RCC_ClockConfig  stm32746g_nucleo\stm32f7xx_hal_rcc.o
    0x080015ec   0x080015ec   0x00000040   Code   RO         5979    i.HAL_RCC_GetClockConfig  stm32746g_nucleo\stm32f7xx_hal_rcc.o
    0x0800162c   0x0800162c   0x0000000c   Code   RO         5980    i.HAL_RCC_GetHCLKFreq  stm32746g_nucleo\stm32f7xx_hal_rcc.o
    0x08001638   0x08001638   0x00000020   Code   RO         5982    i.HAL_RCC_GetPCLK1Freq  stm32746g_nucleo\stm32f7xx_hal_rcc.o
    0x08001658   0x08001658   0x00000060   Code   RO         5984    i.HAL_RCC_GetSysClockFreq  stm32746g_nucleo\stm32f7xx_hal_rcc.o
    0x080016b8   0x080016b8   0x00000384   Code   RO         5987    i.HAL_RCC_OscConfig  stm32746g_nucleo\stm32f7xx_hal_rcc.o
    0x08001a3c   0x08001a3c   0x00000002   Code   RO         7440    i.HAL_TIMEx_Break2Callback  stm32746g_nucleo\stm32f7xx_hal_tim_ex.o
    0x08001a3e   0x08001a3e   0x00000002   Code   RO         7441    i.HAL_TIMEx_BreakCallback  stm32746g_nucleo\stm32f7xx_hal_tim_ex.o
    0x08001a40   0x08001a40   0x00000002   Code   RO         7442    i.HAL_TIMEx_CommutCallback  stm32746g_nucleo\stm32f7xx_hal_tim_ex.o
    0x08001a42   0x08001a42   0x00000036   Code   RO         6452    i.HAL_TIM_Base_Init  stm32746g_nucleo\stm32f7xx_hal_tim.o
    0x08001a78   0x08001a78   0x00000002   Code   RO         6454    i.HAL_TIM_Base_MspInit  stm32746g_nucleo\stm32f7xx_hal_tim.o
    0x08001a7a   0x08001a7a   0x00000002   PAD
    0x08001a7c   0x08001a7c   0x0000002c   Code   RO         6457    i.HAL_TIM_Base_Start_IT  stm32746g_nucleo\stm32f7xx_hal_tim.o
    0x08001aa8   0x08001aa8   0x00000002   Code   RO         6481    i.HAL_TIM_IC_CaptureCallback  stm32746g_nucleo\stm32f7xx_hal_tim.o
    0x08001aaa   0x08001aaa   0x00000182   Code   RO         6495    i.HAL_TIM_IRQHandler  stm32746g_nucleo\stm32f7xx_hal_tim.o
    0x08001c2c   0x08001c2c   0x00000002   Code   RO         6498    i.HAL_TIM_OC_DelayElapsedCallback  stm32746g_nucleo\stm32f7xx_hal_tim.o
    0x08001c2e   0x08001c2e   0x00000002   Code   RO         6525    i.HAL_TIM_PWM_PulseFinishedCallback  stm32746g_nucleo\stm32f7xx_hal_tim.o
    0x08001c30   0x08001c30   0x00000004   Code   RO         3658    i.HAL_TIM_PeriodElapsedCallback  stm32746g_nucleo\stm32f7xx_hal_timebase_tim.o
    0x08001c34   0x08001c34   0x00000002   Code   RO         6538    i.HAL_TIM_TriggerCallback  stm32746g_nucleo\stm32f7xx_hal_tim.o
    0x08001c36   0x08001c36   0x00000002   Code   RO         3588    i.HardFault_Handler  stm32746g_nucleo\stm32f7xx_it.o
    0x08001c38   0x08001c38   0x00000084   Code   RO         3268    i.MPU_Config        stm32746g_nucleo\main.o
    0x08001cbc   0x08001cbc   0x00000002   Code   RO         3589    i.MemManage_Handler  stm32746g_nucleo\stm32f7xx_it.o
    0x08001cbe   0x08001cbe   0x00000002   PAD
    0x08001cc0   0x08001cc0   0x000000b0   Code   RO         3269    i.MotorInit         stm32746g_nucleo\main.o
    0x08001d70   0x08001d70   0x000000bc   Code   RO         3270    i.MotorTask         stm32746g_nucleo\main.o
    0x08001e2c   0x08001e2c   0x00000002   Code   RO         3590    i.NMI_Handler       stm32746g_nucleo\stm32f7xx_it.o
    0x08001e2e   0x08001e2e   0x00000002   PAD
    0x08001e30   0x08001e30   0x00000078   Code   RO         3271    i.StartThread       stm32746g_nucleo\main.o
    0x08001ea8   0x08001ea8   0x00000004   Code   RO         3591    i.SysTick_Handler   stm32746g_nucleo\stm32f7xx_it.o
    0x08001eac   0x08001eac   0x00000054   Code   RO          567    i.SystemInit        stm32746g_nucleo\system_stm32f7xx.o
    0x08001f00   0x08001f00   0x0000000c   Code   RO         3659    i.TIM6_DAC_IRQHandler  stm32746g_nucleo\stm32f7xx_hal_timebase_tim.o
    0x08001f0c   0x08001f0c   0x000000cc   Code   RO         6540    i.TIM_Base_SetConfig  stm32746g_nucleo\stm32f7xx_hal_tim.o
    0x08001fd8   0x08001fd8   0x000000f4   Code   RO         3272    i.TimerInit         stm32746g_nucleo\main.o
    0x080020cc   0x080020cc   0x00000002   Code   RO         3592    i.UsageFault_Handler  stm32746g_nucleo\stm32f7xx_it.o
    0x080020ce   0x080020ce   0x00000002   PAD
    0x080020d0   0x080020d0   0x00000020   Code   RO         3400    i.User_notification  stm32746g_nucleo\app_ethernet.o
    0x080020f0   0x080020f0   0x00000020   Code   RO         9231    i.__0printf$3       C:\Keil_v5\ARM\ARMCC\Bin\..\lib\armlib\mc_w.l(printf3.o)
    0x08002110   0x08002110   0x00000028   Code   RO         9233    i.__0sprintf$3      C:\Keil_v5\ARM\ARMCC\Bin\..\lib\armlib\mc_w.l(printf3.o)
    0x08002138   0x08002138   0x00000022   Code   RO         8796    i.__NVIC_SetPriority  stm32746g_nucleo\stm32f7xx_hal_cortex.o
    0x0800215a   0x0800215a   0x00000002   PAD
    0x0800215c   0x0800215c   0x00000008   Code   RO         9428    i.__aeabi_errno_addr  C:\Keil_v5\ARM\ARMCC\Bin\..\lib\armlib\mc_w.l(errno.o)
    0x08002164   0x08002164   0x0000000e   Code   RO         9462    i.__scatterload_copy  C:\Keil_v5\ARM\ARMCC\Bin\..\lib\armlib\mc_w.l(handlers.o)
    0x08002172   0x08002172   0x00000002   Code   RO         9463    i.__scatterload_null  C:\Keil_v5\ARM\ARMCC\Bin\..\lib\armlib\mc_w.l(handlers.o)
    0x08002174   0x08002174   0x0000000e   Code   RO         9464    i.__scatterload_zeroinit  C:\Keil_v5\ARM\ARMCC\Bin\..\lib\armlib\mc_w.l(handlers.o)
    0x08002182   0x08002182   0x00000002   PAD
    0x08002184   0x08002184   0x000001b8   Code   RO         9238    i._printf_core      C:\Keil_v5\ARM\ARMCC\Bin\..\lib\armlib\mc_w.l(printf3.o)
    0x0800233c   0x0800233c   0x0000000a   Code   RO         9240    i._sputc            C:\Keil_v5\ARM\ARMCC\Bin\..\lib\armlib\mc_w.l(printf3.o)
    0x08002346   0x08002346   0x00000002   PAD
    0x08002348   0x08002348   0x00000154   Code   RO         2127    i.accept_function   stm32746g_nucleo\api_msg.o
    0x0800249c   0x0800249c   0x00000068   Code   RO          999    i.dhcp_arp_reply    stm32746g_nucleo\dhcp.o
    0x08002504   0x08002504   0x00000150   Code   RO         1000    i.dhcp_bind         stm32746g_nucleo\dhcp.o
    0x08002654   0x08002654   0x00000034   Code   RO         1001    i.dhcp_check        stm32746g_nucleo\dhcp.o
    0x08002688   0x08002688   0x000000ac   Code   RO         1003    i.dhcp_coarse_tmr   stm32746g_nucleo\dhcp.o
    0x08002734   0x08002734   0x000001b0   Code   RO         1004    i.dhcp_create_msg   stm32746g_nucleo\dhcp.o
    0x080028e4   0x080028e4   0x00000080   Code   RO         1005    i.dhcp_dec_pcb_refcount  stm32746g_nucleo\dhcp.o
    0x08002964   0x08002964   0x0000009c   Code   RO         1006    i.dhcp_decline      stm32746g_nucleo\dhcp.o
    0x08002a00   0x08002a00   0x000000e8   Code   RO         1007    i.dhcp_discover     stm32746g_nucleo\dhcp.o
    0x08002ae8   0x08002ae8   0x00000034   Code   RO         1008    i.dhcp_fine_tmr     stm32746g_nucleo\dhcp.o
    0x08002b1c   0x08002b1c   0x00000068   Code   RO         1009    i.dhcp_handle_ack   stm32746g_nucleo\dhcp.o
    0x08002b84   0x08002b84   0x000000b8   Code   RO         1010    i.dhcp_inc_pcb_refcount  stm32746g_nucleo\dhcp.o
    0x08002c3c   0x08002c3c   0x00000064   Code   RO         1013    i.dhcp_option       stm32746g_nucleo\dhcp.o
    0x08002ca0   0x08002ca0   0x00000088   Code   RO         1014    i.dhcp_option_byte  stm32746g_nucleo\dhcp.o
    0x08002d28   0x08002d28   0x000000a4   Code   RO         1015    i.dhcp_option_long  stm32746g_nucleo\dhcp.o
    0x08002dcc   0x08002dcc   0x00000094   Code   RO         1016    i.dhcp_option_short  stm32746g_nucleo\dhcp.o
    0x08002e60   0x08002e60   0x00000022   Code   RO         1017    i.dhcp_option_trailer  stm32746g_nucleo\dhcp.o
    0x08002e82   0x08002e82   0x00000002   PAD
    0x08002e84   0x08002e84   0x0000035c   Code   RO         1018    i.dhcp_parse_reply  stm32746g_nucleo\dhcp.o
    0x080031e0   0x080031e0   0x000000d8   Code   RO         1019    i.dhcp_rebind       stm32746g_nucleo\dhcp.o
    0x080032b8   0x080032b8   0x00000100   Code   RO         1020    i.dhcp_reboot       stm32746g_nucleo\dhcp.o
    0x080033b8   0x080033b8   0x00000120   Code   RO         1021    i.dhcp_recv         stm32746g_nucleo\dhcp.o
    0x080034d8   0x080034d8   0x000000bc   Code   RO         1023    i.dhcp_release_and_stop  stm32746g_nucleo\dhcp.o
    0x08003594   0x08003594   0x000000d8   Code   RO         1024    i.dhcp_renew        stm32746g_nucleo\dhcp.o
    0x0800366c   0x0800366c   0x000001cc   Code   RO         1025    i.dhcp_select       stm32746g_nucleo\dhcp.o
    0x08003838   0x08003838   0x00000010   Code   RO         1026    i.dhcp_set_state    stm32746g_nucleo\dhcp.o
    0x08003848   0x08003848   0x000000f4   Code   RO         1028    i.dhcp_start        stm32746g_nucleo\dhcp.o
    0x0800393c   0x0800393c   0x00000004   Code   RO         1029    i.dhcp_stop         stm32746g_nucleo\dhcp.o
    0x08003940   0x08003940   0x0000001c   Code   RO         1030    i.dhcp_supplied_address  stm32746g_nucleo\dhcp.o
    0x0800395c   0x0800395c   0x0000006c   Code   RO         1031    i.dhcp_timeout      stm32746g_nucleo\dhcp.o
    0x080039c8   0x080039c8   0x000000b8   Code   RO         4038    i.do_memp_free_pool  stm32746g_nucleo\memp.o
    0x08003a80   0x08003a80   0x000000c8   Code   RO         4039    i.do_memp_malloc_pool  stm32746g_nucleo\memp.o
    0x08003b48   0x08003b48   0x000001b0   Code   RO         2128    i.err_tcp           stm32746g_nucleo\api_msg.o
    0x08003cf8   0x08003cf8   0x0000002c   Code   RO         1315    i.etharp_cleanup_netif  stm32746g_nucleo\etharp.o
    0x08003d24   0x08003d24   0x00000228   Code   RO         1317    i.etharp_find_entry  stm32746g_nucleo\etharp.o
    0x08003f4c   0x08003f4c   0x00000024   Code   RO         1318    i.etharp_free_entry  stm32746g_nucleo\etharp.o
    0x08003f70   0x08003f70   0x000000e4   Code   RO         1320    i.etharp_input      stm32746g_nucleo\etharp.o
    0x08004054   0x08004054   0x0000017c   Code   RO         1321    i.etharp_output     stm32746g_nucleo\etharp.o
    0x080041d0   0x080041d0   0x000000dc   Code   RO         1322    i.etharp_output_to_arp_index  stm32746g_nucleo\etharp.o
    0x080042ac   0x080042ac   0x000001b4   Code   RO         1323    i.etharp_query      stm32746g_nucleo\etharp.o
    0x08004460   0x08004460   0x00000140   Code   RO         1324    i.etharp_raw        stm32746g_nucleo\etharp.o
    0x080045a0   0x080045a0   0x0000000c   Code   RO         1325    i.etharp_request    stm32746g_nucleo\etharp.o
    0x080045ac   0x080045ac   0x00000020   Code   RO         1326    i.etharp_request_dst  stm32746g_nucleo\etharp.o
    0x080045cc   0x080045cc   0x00000060   Code   RO         1327    i.etharp_tmr        stm32746g_nucleo\etharp.o
    0x0800462c   0x0800462c   0x000000e8   Code   RO         1328    i.etharp_update_arp_entry  stm32746g_nucleo\etharp.o
    0x08004714   0x08004714   0x000000a4   Code   RO         3067    i.ethernet_input    stm32746g_nucleo\ethernet.o
    0x080047b8   0x080047b8   0x000000c4   Code   RO         3068    i.ethernet_output   stm32746g_nucleo\ethernet.o
    0x0800487c   0x0800487c   0x00000088   Code   RO         3502    i.ethernetif_init   stm32746g_nucleo\ethernetif.o
    0x08004904   0x08004904   0x0000004c   Code   RO         3503    i.ethernetif_input  stm32746g_nucleo\ethernetif.o
    0x08004950   0x08004950   0x00000012   Code   RO         9419    i.fputc             C:\Keil_v5\ARM\ARMCC\Bin\..\lib\armlib\mc_w.l(fputc.o)
    0x08004962   0x08004962   0x00000002   PAD
    0x08004964   0x08004964   0x00000024   Code   RO         3439    i.http_server_netconn_init  stm32746g_nucleo\httpserver-netconn.o
    0x08004988   0x08004988   0x00000098   Code   RO         3440    i.http_server_netconn_thread  stm32746g_nucleo\httpserver-netconn.o
    0x08004a20   0x08004a20   0x00000008   Code   RO          788    i.icmp_dest_unreach  stm32746g_nucleo\icmp.o
    0x08004a28   0x08004a28   0x000001c0   Code   RO          789    i.icmp_input        stm32746g_nucleo\icmp.o
    0x08004be8   0x08004be8   0x000000dc   Code   RO          790    i.icmp_send_response  stm32746g_nucleo\icmp.o
    0x08004cc4   0x08004cc4   0x00000008   Code   RO          791    i.icmp_time_exceeded  stm32746g_nucleo\icmp.o
    0x08004ccc   0x08004ccc   0x0000000c   Code   RO          176    i.inHandlerMode     stm32746g_nucleo\cmsis_os.o
    0x08004cd8   0x08004cd8   0x0000004a   Code   RO         4893    i.inet_chksum_pbuf  stm32746g_nucleo\inet_chksum.o
    0x08004d22   0x08004d22   0x0000002e   Code   RO         1413    i.ip4_addr_isbroadcast_u32  stm32746g_nucleo\ip4_addr.o
    0x08004d50   0x08004d50   0x00000230   Code   RO          928    i.ip4_frag          stm32746g_nucleo\ip4_frag.o
    0x08004f80   0x08004f80   0x00000194   Code   RO         1241    i.ip4_input         stm32746g_nucleo\ip4.o
    0x08005114   0x08005114   0x0000002c   Code   RO         1242    i.ip4_input_accept  stm32746g_nucleo\ip4.o
    0x08005140   0x08005140   0x0000001e   Code   RO         1244    i.ip4_output_if     stm32746g_nucleo\ip4.o
    0x0800515e   0x0800515e   0x00000002   PAD
    0x08005160   0x08005160   0x00000148   Code   RO         1245    i.ip4_output_if_src  stm32746g_nucleo\ip4.o
    0x080052a8   0x080052a8   0x00000250   Code   RO          929    i.ip4_reass         stm32746g_nucleo\ip4_frag.o
    0x080054f8   0x080054f8   0x00000060   Code   RO         1246    i.ip4_route         stm32746g_nucleo\ip4.o
    0x08005558   0x08005558   0x00000058   Code   RO          930    i.ip_frag_free_pbuf_custom_ref  stm32746g_nucleo\ip4_frag.o
    0x080055b0   0x080055b0   0x00000210   Code   RO          931    i.ip_reass_chain_frag_into_datagram_and_validate  stm32746g_nucleo\ip4_frag.o
    0x080057c0   0x080057c0   0x00000080   Code   RO          932    i.ip_reass_dequeue_datagram  stm32746g_nucleo\ip4_frag.o
    0x08005840   0x08005840   0x0000015c   Code   RO          933    i.ip_reass_free_complete_datagram  stm32746g_nucleo\ip4_frag.o
    0x0800599c   0x0800599c   0x00000080   Code   RO          934    i.ip_reass_remove_oldest_datagram  stm32746g_nucleo\ip4_frag.o
    0x08005a1c   0x08005a1c   0x0000002c   Code   RO          935    i.ip_reass_tmr      stm32746g_nucleo\ip4_frag.o
    0x08005a48   0x08005a48   0x00000060   Code   RO          936    i.ipfrag_free_pbuf_custom  stm32746g_nucleo\ip4_frag.o
    0x08005aa8   0x08005aa8   0x000000e0   Code   RO         3504    i.low_level_init    stm32746g_nucleo\ethernetif.o
    0x08005b88   0x08005b88   0x000000c8   Code   RO         3505    i.low_level_input   stm32746g_nucleo\ethernetif.o
    0x08005c50   0x08005c50   0x000000b0   Code   RO         3506    i.low_level_output  stm32746g_nucleo\ethernetif.o
    0x08005d00   0x08005d00   0x0000003c   Code   RO         4452    i.lwip_cyclic_timer  stm32746g_nucleo\timeouts.o
    0x08005d3c   0x08005d3c   0x00000004   Code   RO         4168    i.lwip_htonl        stm32746g_nucleo\def.o
    0x08005d40   0x08005d40   0x00000004   Code   RO         4169    i.lwip_htons        stm32746g_nucleo\def.o
    0x08005d44   0x08005d44   0x00000022   Code   RO         4210    i.lwip_init         stm32746g_nucleo\init.o
    0x08005d66   0x08005d66   0x00000036   Code   RO         2129    i.lwip_netconn_do_bind  stm32746g_nucleo\api_msg.o
    0x08005d9c   0x08005d9c   0x00000294   Code   RO         2132    i.lwip_netconn_do_close_internal  stm32746g_nucleo\api_msg.o
    0x08006030   0x08006030   0x000000bc   Code   RO         2138    i.lwip_netconn_do_listen  stm32746g_nucleo\api_msg.o
    0x080060ec   0x080060ec   0x00000012   Code   RO         2139    i.lwip_netconn_do_newconn  stm32746g_nucleo\api_msg.o
    0x080060fe   0x080060fe   0x00000002   PAD
    0x08006100   0x08006100   0x0000011c   Code   RO         2142    i.lwip_netconn_do_write  stm32746g_nucleo\api_msg.o
    0x0800621c   0x0800621c   0x0000035c   Code   RO         2143    i.lwip_netconn_do_writemore  stm32746g_nucleo\api_msg.o
    0x08006578   0x08006578   0x00000078   Code   RO         2144    i.lwip_netconn_err_to_msg  stm32746g_nucleo\api_msg.o
    0x080065f0   0x080065f0   0x00000014   Code   RO         2145    i.lwip_netconn_is_deallocated_msg  stm32746g_nucleo\api_msg.o
    0x08006604   0x08006604   0x0000007c   Code   RO         2146    i.lwip_netconn_is_err_msg  stm32746g_nucleo\api_msg.o
    0x08006680   0x08006680   0x0000005c   Code   RO         4900    i.lwip_standard_chksum  stm32746g_nucleo\inet_chksum.o
    0x080066dc   0x080066dc   0x000000a0   Code   RO         3274    i.main              stm32746g_nucleo\main.o
    0x0800677c   0x0800677c   0x0000000e   Code   RO          178    i.makeFreeRtosPriority  stm32746g_nucleo\cmsis_os.o
    0x0800678a   0x0800678a   0x00000002   PAD
    0x0800678c   0x0800678c   0x000001d8   Code   RO         4235    i.mem_free          stm32746g_nucleo\mem.o
    0x08006964   0x08006964   0x000000d8   Code   RO         4236    i.mem_init          stm32746g_nucleo\mem.o
    0x08006a3c   0x08006a3c   0x0000025c   Code   RO         4237    i.mem_malloc        stm32746g_nucleo\mem.o
    0x08006c98   0x08006c98   0x00000010   Code   RO         4238    i.mem_to_ptr        stm32746g_nucleo\mem.o
    0x08006ca8   0x08006ca8   0x000001f4   Code   RO         4239    i.mem_trim          stm32746g_nucleo\mem.o
    0x08006e9c   0x08006e9c   0x000000ac   Code   RO         4040    i.memp_free         stm32746g_nucleo\memp.o
    0x08006f48   0x08006f48   0x00000020   Code   RO         4042    i.memp_init         stm32746g_nucleo\memp.o
    0x08006f68   0x08006f68   0x0000002a   Code   RO         4043    i.memp_init_pool    stm32746g_nucleo\memp.o
    0x08006f92   0x08006f92   0x00000002   PAD
    0x08006f94   0x08006f94   0x000000b4   Code   RO         4044    i.memp_malloc       stm32746g_nucleo\memp.o
    0x08007048   0x08007048   0x00000022   Code   RO         2060    i.netbuf_delete     stm32746g_nucleo\netbuf.o
    0x0800706a   0x0800706a   0x00000002   PAD
    0x0800706c   0x0800706c   0x00000154   Code   RO         2365    i.netconn_accept    stm32746g_nucleo\api_lib.o
    0x080071c0   0x080071c0   0x000000d4   Code   RO         2147    i.netconn_alloc     stm32746g_nucleo\api_msg.o
    0x08007294   0x08007294   0x00000016   Code   RO         2366    i.netconn_apimsg    stm32746g_nucleo\api_lib.o
    0x080072aa   0x080072aa   0x00000002   PAD
    0x080072ac   0x080072ac   0x00000084   Code   RO         2367    i.netconn_bind      stm32746g_nucleo\api_lib.o
    0x08007330   0x08007330   0x0000010c   Code   RO         2148    i.netconn_drain     stm32746g_nucleo\api_msg.o
    0x0800743c   0x0800743c   0x0000001e   Code   RO         2374    i.netconn_err       stm32746g_nucleo\api_lib.o
    0x0800745a   0x0800745a   0x00000002   PAD
    0x0800745c   0x0800745c   0x0000013c   Code   RO         2149    i.netconn_free      stm32746g_nucleo\api_msg.o
    0x08007598   0x08007598   0x00000078   Code   RO         2376    i.netconn_listen_with_backlog  stm32746g_nucleo\api_lib.o
    0x08007610   0x08007610   0x00000144   Code   RO         2377    i.netconn_new_with_proto_and_callback  stm32746g_nucleo\api_lib.o
    0x08007754   0x08007754   0x00000014   Code   RO         2391    i.netconn_write_partly  stm32746g_nucleo\api_lib.o
    0x08007768   0x08007768   0x0000015c   Code   RO         2392    i.netconn_write_vectors_partly  stm32746g_nucleo\api_lib.o
    0x080078c4   0x080078c4   0x000001e8   Code   RO         4954    i.netif_add         stm32746g_nucleo\netif.o
    0x08007aac   0x08007aac   0x00000016   Code   RO         4956    i.netif_do_ip_addr_changed  stm32746g_nucleo\netif.o
    0x08007ac2   0x08007ac2   0x00000016   Code   RO         4957    i.netif_do_set_gw   stm32746g_nucleo\netif.o
    0x08007ad8   0x08007ad8   0x000000d0   Code   RO         4958    i.netif_do_set_ipaddr  stm32746g_nucleo\netif.o
    0x08007ba8   0x08007ba8   0x00000016   Code   RO         4959    i.netif_do_set_netmask  stm32746g_nucleo\netif.o
    0x08007bbe   0x08007bbe   0x00000002   PAD
    0x08007bc0   0x08007bc0   0x00000028   Code   RO         4961    i.netif_get_by_index  stm32746g_nucleo\netif.o
    0x08007be8   0x08007be8   0x00000002   Code   RO         4963    i.netif_init        stm32746g_nucleo\netif.o
    0x08007bea   0x08007bea   0x00000002   PAD
    0x08007bec   0x08007bec   0x000000cc   Code   RO         4965    i.netif_issue_reports  stm32746g_nucleo\netif.o
    0x08007cb8   0x08007cb8   0x00000006   Code   RO         4967    i.netif_null_output_ip4  stm32746g_nucleo\netif.o
    0x08007cbe   0x08007cbe   0x00000002   PAD
    0x08007cc0   0x08007cc0   0x00000060   Code   RO         4969    i.netif_set_addr    stm32746g_nucleo\netif.o
    0x08007d20   0x08007d20   0x0000000c   Code   RO         4970    i.netif_set_default  stm32746g_nucleo\netif.o
    0x08007d2c   0x08007d2c   0x000000b4   Code   RO         4971    i.netif_set_down    stm32746g_nucleo\netif.o
    0x08007de0   0x08007de0   0x000000ac   Code   RO         4978    i.netif_set_up      stm32746g_nucleo\netif.o
    0x08007e8c   0x08007e8c   0x0000000e   Code   RO          180    i.osDelay           stm32746g_nucleo\cmsis_os.o
    0x08007e9a   0x08007e9a   0x0000000a   Code   RO          183    i.osKernelStart     stm32746g_nucleo\cmsis_os.o
    0x08007ea4   0x08007ea4   0x00000018   Code   RO          184    i.osKernelSysTick   stm32746g_nucleo\cmsis_os.o
    0x08007ebc   0x08007ebc   0x0000000c   Code   RO          188    i.osMailFree        stm32746g_nucleo\cmsis_os.o
    0x08007ec8   0x08007ec8   0x00000094   Code   RO          189    i.osMailGet         stm32746g_nucleo\cmsis_os.o
    0x08007f5c   0x08007f5c   0x0000000a   Code   RO          192    i.osMessageCreate   stm32746g_nucleo\cmsis_os.o
    0x08007f66   0x08007f66   0x00000018   Code   RO          193    i.osMessageDelete   stm32746g_nucleo\cmsis_os.o
    0x08007f7e   0x08007f7e   0x00000002   PAD
    0x08007f80   0x08007f80   0x00000094   Code   RO          194    i.osMessageGet      stm32746g_nucleo\cmsis_os.o
    0x08008014   0x08008014   0x0000005c   Code   RO          196    i.osMessagePut      stm32746g_nucleo\cmsis_os.o
    0x08008070   0x08008070   0x0000001e   Code   RO          197    i.osMessageWaiting  stm32746g_nucleo\cmsis_os.o
    0x0800808e   0x0800808e   0x00000006   Code   RO          198    i.osMutexCreate     stm32746g_nucleo\cmsis_os.o
    0x08008094   0x08008094   0x00000050   Code   RO          200    i.osMutexRelease    stm32746g_nucleo\cmsis_os.o
    0x080080e4   0x080080e4   0x00000068   Code   RO          201    i.osMutexWait       stm32746g_nucleo\cmsis_os.o
    0x0800814c   0x0800814c   0x0000002e   Code   RO          205    i.osPoolFree        stm32746g_nucleo\cmsis_os.o
    0x0800817a   0x0800817a   0x0000002c   Code   RO          209    i.osSemaphoreCreate  stm32746g_nucleo\cmsis_os.o
    0x080081a6   0x080081a6   0x00000018   Code   RO          210    i.osSemaphoreDelete  stm32746g_nucleo\cmsis_os.o
    0x080081be   0x080081be   0x00000002   PAD
    0x080081c0   0x080081c0   0x00000050   Code   RO          212    i.osSemaphoreRelease  stm32746g_nucleo\cmsis_os.o
    0x08008210   0x08008210   0x00000068   Code   RO          213    i.osSemaphoreWait   stm32746g_nucleo\cmsis_os.o
    0x08008278   0x08008278   0x00000014   Code   RO          216    i.osSystickHandler  stm32746g_nucleo\cmsis_os.o
    0x0800828c   0x0800828c   0x0000002e   Code   RO          217    i.osThreadCreate    stm32746g_nucleo\cmsis_os.o
    0x080082ba   0x080082ba   0x0000000a   Code   RO          226    i.osThreadTerminate  stm32746g_nucleo\cmsis_os.o
    0x080082c4   0x080082c4   0x00000006   Code   RO         3703    i.pbuf_add_header   stm32746g_nucleo\pbuf.o
    0x080082ca   0x080082ca   0x00000002   PAD
    0x080082cc   0x080082cc   0x000000d0   Code   RO         3705    i.pbuf_add_header_impl  stm32746g_nucleo\pbuf.o
    0x0800839c   0x0800839c   0x00000240   Code   RO         3706    i.pbuf_alloc        stm32746g_nucleo\pbuf.o
    0x080085dc   0x080085dc   0x000000c0   Code   RO         3707    i.pbuf_alloc_reference  stm32746g_nucleo\pbuf.o
    0x0800869c   0x0800869c   0x00000036   Code   RO         3708    i.pbuf_alloced_custom  stm32746g_nucleo\pbuf.o
    0x080086d2   0x080086d2   0x00000002   PAD
    0x080086d4   0x080086d4   0x00000140   Code   RO         3709    i.pbuf_cat          stm32746g_nucleo\pbuf.o
    0x08008814   0x08008814   0x00000012   Code   RO         3710    i.pbuf_chain        stm32746g_nucleo\pbuf.o
    0x08008826   0x08008826   0x00000012   Code   RO         3711    i.pbuf_clen         stm32746g_nucleo\pbuf.o
    0x08008838   0x08008838   0x000000b0   Code   RO         3712    i.pbuf_clone        stm32746g_nucleo\pbuf.o
    0x080088e8   0x080088e8   0x000001f4   Code   RO         3714    i.pbuf_copy         stm32746g_nucleo\pbuf.o
    0x08008adc   0x08008adc   0x0000012c   Code   RO         3715    i.pbuf_copy_partial  stm32746g_nucleo\pbuf.o
    0x08008c08   0x08008c08   0x0000017c   Code   RO         3717    i.pbuf_free         stm32746g_nucleo\pbuf.o
    0x08008d84   0x08008d84   0x00000006   Code   RO         3722    i.pbuf_header_force  stm32746g_nucleo\pbuf.o
    0x08008d8a   0x08008d8a   0x0000000e   Code   RO         3723    i.pbuf_header_impl  stm32746g_nucleo\pbuf.o
    0x08008d98   0x08008d98   0x0000001c   Code   RO         3724    i.pbuf_init_alloced_pbuf  stm32746g_nucleo\pbuf.o
    0x08008db4   0x08008db4   0x00000144   Code   RO         3728    i.pbuf_realloc      stm32746g_nucleo\pbuf.o
    0x08008ef8   0x08008ef8   0x000000ac   Code   RO         3729    i.pbuf_ref          stm32746g_nucleo\pbuf.o
    0x08008fa4   0x08008fa4   0x000000e0   Code   RO         3730    i.pbuf_remove_header  stm32746g_nucleo\pbuf.o
    0x08009084   0x08009084   0x000000c4   Code   RO         2151    i.pcb_new           stm32746g_nucleo\api_msg.o
    0x08009148   0x08009148   0x000001b0   Code   RO         4240    i.plug_holes        stm32746g_nucleo\mem.o
    0x080092f8   0x080092f8   0x000000b4   Code   RO         2152    i.poll_tcp          stm32746g_nucleo\api_msg.o
    0x080093ac   0x080093ac   0x00000050   Code   RO         1685    i.prvAddCurrentTaskToDelayedList  stm32746g_nucleo\tasks.o
    0x080093fc   0x080093fc   0x000000c8   Code   RO         1686    i.prvAddNewTaskToReadyList  stm32746g_nucleo\tasks.o
    0x080094c4   0x080094c4   0x00000026   Code   RO         1484    i.prvCopyDataFromQueue  stm32746g_nucleo\queue.o
    0x080094ea   0x080094ea   0x0000006c   Code   RO         1485    i.prvCopyDataToQueue  stm32746g_nucleo\queue.o
    0x08009556   0x08009556   0x00000014   Code   RO         1687    i.prvDeleteTCB      stm32746g_nucleo\tasks.o
    0x0800956a   0x0800956a   0x00000002   PAD
    0x0800956c   0x0800956c   0x00000050   Code   RO            1    i.prvHeapInit       stm32746g_nucleo\heap_4.o
    0x080095bc   0x080095bc   0x00000060   Code   RO         1688    i.prvIdleTask       stm32746g_nucleo\tasks.o
    0x0800961c   0x0800961c   0x000000b4   Code   RO         1689    i.prvInitialiseNewTask  stm32746g_nucleo\tasks.o
    0x080096d0   0x080096d0   0x0000004c   Code   RO            2    i.prvInsertBlockIntoFreeList  stm32746g_nucleo\heap_4.o
    0x0800971c   0x0800971c   0x0000001c   Code   RO         1486    i.prvIsQueueEmpty   stm32746g_nucleo\queue.o
    0x08009738   0x08009738   0x00000020   Code   RO         1691    i.prvResetNextTaskUnblockTime  stm32746g_nucleo\tasks.o
    0x08009758   0x08009758   0x00000030   Code   RO           90    i.prvTaskExitError  stm32746g_nucleo\port.o
    0x08009788   0x08009788   0x0000006a   Code   RO         1487    i.prvUnlockQueue    stm32746g_nucleo\queue.o
    0x080097f2   0x080097f2   0x00000002   PAD
    0x080097f4   0x080097f4   0x0000000c   Code   RO         4241    i.ptr_to_mem        stm32746g_nucleo\mem.o
    0x08009800   0x08009800   0x000000e4   Code   RO            3    i.pvPortMalloc      stm32746g_nucleo\heap_4.o
    0x080098e4   0x080098e4   0x00000018   Code   RO         1692    i.pvTaskIncrementMutexHeldCount  stm32746g_nucleo\tasks.o
    0x080098fc   0x080098fc   0x00000030   Code   RO           91    i.pxPortInitialiseStack  stm32746g_nucleo\port.o
    0x0800992c   0x0800992c   0x00000158   Code   RO         2153    i.recv_tcp          stm32746g_nucleo\api_msg.o
    0x08009a84   0x08009a84   0x00000138   Code   RO         2154    i.recv_udp          stm32746g_nucleo\api_msg.o
    0x08009bbc   0x08009bbc   0x000000a8   Code   RO         2155    i.sent_tcp          stm32746g_nucleo\api_msg.o
    0x08009c64   0x08009c64   0x00000044   Code   RO         2156    i.setup_tcp         stm32746g_nucleo\api_msg.o
    0x08009ca8   0x08009ca8   0x00000046   Code   RO         3099    i.sys_arch_mbox_fetch  stm32746g_nucleo\sys_arch.o
    0x08009cee   0x08009cee   0x00000022   Code   RO         3100    i.sys_arch_mbox_tryfetch  stm32746g_nucleo\sys_arch.o
    0x08009d10   0x08009d10   0x00000018   Code   RO         3101    i.sys_arch_protect  stm32746g_nucleo\sys_arch.o
    0x08009d28   0x08009d28   0x00000038   Code   RO         3102    i.sys_arch_sem_wait  stm32746g_nucleo\sys_arch.o
    0x08009d60   0x08009d60   0x0000000c   Code   RO         3103    i.sys_arch_unprotect  stm32746g_nucleo\sys_arch.o
    0x08009d6c   0x08009d6c   0x00000044   Code   RO         4453    i.sys_check_timeouts  stm32746g_nucleo\timeouts.o
    0x08009db0   0x08009db0   0x00000018   Code   RO         3104    i.sys_init          stm32746g_nucleo\sys_arch.o
    0x08009dc8   0x08009dc8   0x00000014   Code   RO         3105    i.sys_mbox_free     stm32746g_nucleo\sys_arch.o
    0x08009ddc   0x08009ddc   0x00000028   Code   RO         3106    i.sys_mbox_new      stm32746g_nucleo\sys_arch.o
    0x08009e04   0x08009e04   0x00000006   Code   RO         3108    i.sys_mbox_set_invalid  stm32746g_nucleo\sys_arch.o
    0x08009e0a   0x08009e0a   0x00000014   Code   RO         3109    i.sys_mbox_trypost  stm32746g_nucleo\sys_arch.o
    0x08009e1e   0x08009e1e   0x0000000a   Code   RO         3111    i.sys_mbox_valid    stm32746g_nucleo\sys_arch.o
    0x08009e28   0x08009e28   0x0000000a   Code   RO         3113    i.sys_mutex_lock    stm32746g_nucleo\sys_arch.o
    0x08009e32   0x08009e32   0x0000001c   Code   RO         3114    i.sys_mutex_new     stm32746g_nucleo\sys_arch.o
    0x08009e4e   0x08009e4e   0x00000006   Code   RO         3115    i.sys_mutex_unlock  stm32746g_nucleo\sys_arch.o
    0x08009e54   0x08009e54   0x00000004   Code   RO         3507    i.sys_now           stm32746g_nucleo\ethernetif.o
    0x08009e58   0x08009e58   0x00000006   Code   RO         3116    i.sys_sem_free      stm32746g_nucleo\sys_arch.o
    0x08009e5e   0x08009e5e   0x0000002a   Code   RO         3117    i.sys_sem_new       stm32746g_nucleo\sys_arch.o
    0x08009e88   0x08009e88   0x00000006   Code   RO         3118    i.sys_sem_set_invalid  stm32746g_nucleo\sys_arch.o
    0x08009e8e   0x08009e8e   0x00000006   Code   RO         3119    i.sys_sem_signal    stm32746g_nucleo\sys_arch.o
    0x08009e94   0x08009e94   0x0000000a   Code   RO         3120    i.sys_sem_valid     stm32746g_nucleo\sys_arch.o
    0x08009e9e   0x08009e9e   0x00000030   Code   RO         3121    i.sys_thread_new    stm32746g_nucleo\sys_arch.o
    0x08009ece   0x08009ece   0x00000002   PAD
    0x08009ed0   0x08009ed0   0x00000094   Code   RO         4455    i.sys_timeout       stm32746g_nucleo\timeouts.o
    0x08009f64   0x08009f64   0x000000c8   Code   RO         4456    i.sys_timeout_abs   stm32746g_nucleo\timeouts.o
    0x0800a02c   0x0800a02c   0x00000028   Code   RO         4457    i.sys_timeouts_init  stm32746g_nucleo\timeouts.o
    0x0800a054   0x0800a054   0x00000028   Code   RO         4458    i.sys_timeouts_sleeptime  stm32746g_nucleo\timeouts.o
    0x0800a07c   0x0800a07c   0x000001b8   Code   RO         4597    i.tcp_abandon       stm32746g_nucleo\tcp.o
    0x0800a234   0x0800a234   0x00000006   Code   RO         4598    i.tcp_abort         stm32746g_nucleo\tcp.o
    0x0800a23a   0x0800a23a   0x0000000e   Code   RO         4599    i.tcp_accept        stm32746g_nucleo\tcp.o
    0x0800a248   0x0800a248   0x000000a8   Code   RO         4600    i.tcp_accept_null   stm32746g_nucleo\tcp.o
    0x0800a2f0   0x0800a2f0   0x0000013c   Code   RO         4601    i.tcp_alloc         stm32746g_nucleo\tcp.o
    0x0800a42c   0x0800a42c   0x00000008   Code   RO         4602    i.tcp_arg           stm32746g_nucleo\tcp.o
    0x0800a434   0x0800a434   0x0000015c   Code   RO         4603    i.tcp_bind          stm32746g_nucleo\tcp.o
    0x0800a590   0x0800a590   0x000000b0   Code   RO         4605    i.tcp_close         stm32746g_nucleo\tcp.o
    0x0800a640   0x0800a640   0x000001b8   Code   RO         4606    i.tcp_close_shutdown  stm32746g_nucleo\tcp.o
    0x0800a7f8   0x0800a7f8   0x000000d4   Code   RO         4607    i.tcp_close_shutdown_fin  stm32746g_nucleo\tcp.o
    0x0800a8cc   0x0800a8cc   0x00000150   Code   RO         4301    i.tcp_create_segment  stm32746g_nucleo\tcp_out.o
    0x0800aa1c   0x0800aa1c   0x000000c8   Code   RO         4610    i.tcp_eff_send_mss_netif  stm32746g_nucleo\tcp.o
    0x0800aae4   0x0800aae4   0x00000204   Code   RO         4302    i.tcp_enqueue_flags  stm32746g_nucleo\tcp_out.o
    0x0800ace8   0x0800ace8   0x000000b4   Code   RO         4611    i.tcp_err           stm32746g_nucleo\tcp.o
    0x0800ad9c   0x0800ad9c   0x0000006c   Code   RO         4612    i.tcp_fasttmr       stm32746g_nucleo\tcp.o
    0x0800ae08   0x0800ae08   0x000000a0   Code   RO         4613    i.tcp_free          stm32746g_nucleo\tcp.o
    0x0800aea8   0x0800aea8   0x00000110   Code   RO         4527    i.tcp_free_acked_segments  stm32746g_nucleo\tcp_in.o
    0x0800afb8   0x0800afb8   0x000000a8   Code   RO         4614    i.tcp_free_listen   stm32746g_nucleo\tcp.o
    0x0800b060   0x0800b060   0x00000028   Code   RO         4528    i.tcp_get_next_optbyte  stm32746g_nucleo\tcp_in.o
    0x0800b088   0x0800b088   0x00000018   Code   RO         4615    i.tcp_init          stm32746g_nucleo\tcp.o
    0x0800b0a0   0x0800b0a0   0x0000061c   Code   RO         4529    i.tcp_input         stm32746g_nucleo\tcp_in.o
    0x0800b6bc   0x0800b6bc   0x000000a4   Code   RO         4530    i.tcp_input_delayed_close  stm32746g_nucleo\tcp_in.o
    0x0800b760   0x0800b760   0x0000009c   Code   RO         4303    i.tcp_keepalive     stm32746g_nucleo\tcp_out.o
    0x0800b7fc   0x0800b7fc   0x000000cc   Code   RO         4616    i.tcp_kill_state    stm32746g_nucleo\tcp.o
    0x0800b8c8   0x0800b8c8   0x000000d0   Code   RO         4617    i.tcp_listen_closed  stm32746g_nucleo\tcp.o
    0x0800b998   0x0800b998   0x00000164   Code   RO         4531    i.tcp_listen_input  stm32746g_nucleo\tcp_in.o
    0x0800bafc   0x0800bafc   0x00000190   Code   RO         4619    i.tcp_listen_with_backlog_and_err  stm32746g_nucleo\tcp.o
    0x0800bc8c   0x0800bc8c   0x0000004c   Code   RO         4620    i.tcp_netif_ip_addr_changed  stm32746g_nucleo\tcp.o
    0x0800bcd8   0x0800bcd8   0x000000d0   Code   RO         4621    i.tcp_netif_ip_addr_changed_pcblist  stm32746g_nucleo\tcp.o
    0x0800bda8   0x0800bda8   0x00000006   Code   RO         4623    i.tcp_new_ip_type   stm32746g_nucleo\tcp.o
    0x0800bdae   0x0800bdae   0x00000002   PAD
    0x0800bdb0   0x0800bdb0   0x00000060   Code   RO         4624    i.tcp_new_port      stm32746g_nucleo\tcp.o
    0x0800be10   0x0800be10   0x000000a8   Code   RO         4625    i.tcp_next_iss      stm32746g_nucleo\tcp.o
    0x0800beb8   0x0800beb8   0x000002b0   Code   RO         4304    i.tcp_output        stm32746g_nucleo\tcp_out.o
    0x0800c168   0x0800c168   0x0000009c   Code   RO         4305    i.tcp_output_alloc_header  stm32746g_nucleo\tcp_out.o
    0x0800c204   0x0800c204   0x000000e0   Code   RO         4306    i.tcp_output_alloc_header_common  stm32746g_nucleo\tcp_out.o
    0x0800c2e4   0x0800c2e4   0x000000b0   Code   RO         4307    i.tcp_output_control_segment  stm32746g_nucleo\tcp_out.o
    0x0800c394   0x0800c394   0x000000ac   Code   RO         4308    i.tcp_output_fill_options  stm32746g_nucleo\tcp_out.o
    0x0800c440   0x0800c440   0x000001b0   Code   RO         4309    i.tcp_output_segment  stm32746g_nucleo\tcp_out.o
    0x0800c5f0   0x0800c5f0   0x00000078   Code   RO         4310    i.tcp_output_segment_busy  stm32746g_nucleo\tcp_out.o
    0x0800c668   0x0800c668   0x000000cc   Code   RO         4532    i.tcp_parseopt      stm32746g_nucleo\tcp_in.o
    0x0800c734   0x0800c734   0x0000011c   Code   RO         4311    i.tcp_pbuf_prealloc  stm32746g_nucleo\tcp_out.o
    0x0800c850   0x0800c850   0x000000d4   Code   RO         4626    i.tcp_pcb_purge     stm32746g_nucleo\tcp.o
    0x0800c924   0x0800c924   0x00000174   Code   RO         4627    i.tcp_pcb_remove    stm32746g_nucleo\tcp.o
    0x0800ca98   0x0800ca98   0x000000dc   Code   RO         4628    i.tcp_poll          stm32746g_nucleo\tcp.o
    0x0800cb74   0x0800cb74   0x00000494   Code   RO         4533    i.tcp_process       stm32746g_nucleo\tcp_in.o
    0x0800d008   0x0800d008   0x00000118   Code   RO         4629    i.tcp_process_refused_data  stm32746g_nucleo\tcp.o
    0x0800d120   0x0800d120   0x00000554   Code   RO         4534    i.tcp_receive       stm32746g_nucleo\tcp_in.o
    0x0800d674   0x0800d674   0x000000b4   Code   RO         4630    i.tcp_recv          stm32746g_nucleo\tcp.o
    0x0800d728   0x0800d728   0x000000c0   Code   RO         4631    i.tcp_recv_null     stm32746g_nucleo\tcp.o
    0x0800d7e8   0x0800d7e8   0x00000114   Code   RO         4632    i.tcp_recved        stm32746g_nucleo\tcp.o
    0x0800d8fc   0x0800d8fc   0x00000058   Code   RO         4633    i.tcp_remove_listener  stm32746g_nucleo\tcp.o
    0x0800d954   0x0800d954   0x000000bc   Code   RO         4312    i.tcp_rexmit        stm32746g_nucleo\tcp_out.o
    0x0800da10   0x0800da10   0x000000b8   Code   RO         4313    i.tcp_rexmit_fast   stm32746g_nucleo\tcp_out.o
    0x0800dac8   0x0800dac8   0x00000074   Code   RO         4314    i.tcp_rexmit_rto    stm32746g_nucleo\tcp_out.o
    0x0800db3c   0x0800db3c   0x0000007c   Code   RO         4315    i.tcp_rexmit_rto_commit  stm32746g_nucleo\tcp_out.o
    0x0800dbb8   0x0800dbb8   0x000000c8   Code   RO         4316    i.tcp_rexmit_rto_prepare  stm32746g_nucleo\tcp_out.o
    0x0800dc80   0x0800dc80   0x00000010   Code   RO         4317    i.tcp_route         stm32746g_nucleo\tcp_out.o
    0x0800dc90   0x0800dc90   0x000000e4   Code   RO         4318    i.tcp_rst           stm32746g_nucleo\tcp_out.o
    0x0800dd74   0x0800dd74   0x0000001c   Code   RO         4634    i.tcp_seg_free      stm32746g_nucleo\tcp.o
    0x0800dd90   0x0800dd90   0x00000012   Code   RO         4635    i.tcp_segs_free     stm32746g_nucleo\tcp.o
    0x0800dda2   0x0800dda2   0x00000002   PAD
    0x0800dda4   0x0800dda4   0x000000bc   Code   RO         4319    i.tcp_send_empty_ack  stm32746g_nucleo\tcp_out.o
    0x0800de60   0x0800de60   0x0000009c   Code   RO         4320    i.tcp_send_fin      stm32746g_nucleo\tcp_out.o
    0x0800defc   0x0800defc   0x000000b0   Code   RO         4636    i.tcp_sent          stm32746g_nucleo\tcp.o
    0x0800dfac   0x0800dfac   0x000000ec   Code   RO         4638    i.tcp_shutdown      stm32746g_nucleo\tcp.o
    0x0800e098   0x0800e098   0x000005c0   Code   RO         4639    i.tcp_slowtmr       stm32746g_nucleo\tcp.o
    0x0800e658   0x0800e658   0x000001fc   Code   RO         4321    i.tcp_split_unsent_seg  stm32746g_nucleo\tcp_out.o
    0x0800e854   0x0800e854   0x00000034   Code   RO         4460    i.tcp_timer_needed  stm32746g_nucleo\timeouts.o
    0x0800e888   0x0800e888   0x000000d0   Code   RO         4535    i.tcp_timewait_input  stm32746g_nucleo\tcp_in.o
    0x0800e958   0x0800e958   0x00000020   Code   RO         4641    i.tcp_tmr           stm32746g_nucleo\tcp.o
    0x0800e978   0x0800e978   0x00000010   Code   RO         4536    i.tcp_trigger_input_pcb_close  stm32746g_nucleo\tcp_in.o
    0x0800e988   0x0800e988   0x00000104   Code   RO         4643    i.tcp_update_rcv_ann_wnd  stm32746g_nucleo\tcp.o
    0x0800ea8c   0x0800ea8c   0x0000068c   Code   RO         4322    i.tcp_write         stm32746g_nucleo\tcp_out.o
    0x0800f118   0x0800f118   0x00000140   Code   RO         4323    i.tcp_write_checks  stm32746g_nucleo\tcp_out.o
    0x0800f258   0x0800f258   0x00000114   Code   RO         4324    i.tcp_zero_window_probe  stm32746g_nucleo\tcp_out.o
    0x0800f36c   0x0800f36c   0x00000118   Code   RO         2566    i.tcpip_init        stm32746g_nucleo\tcpip.o
    0x0800f484   0x0800f484   0x000000d0   Code   RO         2567    i.tcpip_inpkt       stm32746g_nucleo\tcpip.o
    0x0800f554   0x0800f554   0x0000001c   Code   RO         2568    i.tcpip_input       stm32746g_nucleo\tcpip.o
    0x0800f570   0x0800f570   0x00000020   Code   RO         2569    i.tcpip_send_msg_wait_sem  stm32746g_nucleo\tcpip.o
    0x0800f590   0x0800f590   0x00000038   Code   RO         4461    i.tcpip_tcp_timer   stm32746g_nucleo\timeouts.o
    0x0800f5c8   0x0800f5c8   0x00000108   Code   RO         2570    i.tcpip_thread      stm32746g_nucleo\tcpip.o
    0x0800f6d0   0x0800f6d0   0x000000dc   Code   RO         2571    i.tcpip_thread_handle_msg  stm32746g_nucleo\tcpip.o
    0x0800f7ac   0x0800f7ac   0x0000014c   Code   RO         3925    i.udp_bind          stm32746g_nucleo\udp.o
    0x0800f8f8   0x0800f8f8   0x00000110   Code   RO         3927    i.udp_connect       stm32746g_nucleo\udp.o
    0x0800fa08   0x0800fa08   0x00000018   Code   RO         3929    i.udp_init          stm32746g_nucleo\udp.o
    0x0800fa20   0x0800fa20   0x000001f8   Code   RO         3930    i.udp_input         stm32746g_nucleo\udp.o
    0x0800fc18   0x0800fc18   0x0000011c   Code   RO         3931    i.udp_input_local_match  stm32746g_nucleo\udp.o
    0x0800fd34   0x0800fd34   0x00000034   Code   RO         3932    i.udp_netif_ip_addr_changed  stm32746g_nucleo\udp.o
    0x0800fd68   0x0800fd68   0x0000001a   Code   RO         3933    i.udp_new           stm32746g_nucleo\udp.o
    0x0800fd82   0x0800fd82   0x00000004   Code   RO         3934    i.udp_new_ip_type   stm32746g_nucleo\udp.o
    0x0800fd86   0x0800fd86   0x00000002   PAD
    0x0800fd88   0x0800fd88   0x00000098   Code   RO         3935    i.udp_recv          stm32746g_nucleo\udp.o
    0x0800fe20   0x0800fe20   0x000000c0   Code   RO         3936    i.udp_remove        stm32746g_nucleo\udp.o
    0x0800fee0   0x0800fee0   0x00000150   Code   RO         3939    i.udp_sendto_if     stm32746g_nucleo\udp.o
    0x08010030   0x08010030   0x00000258   Code   RO         3940    i.udp_sendto_if_src  stm32746g_nucleo\udp.o
    0x08010288   0x08010288   0x00000026   Code   RO         2021    i.uxListRemove      stm32746g_nucleo\list.o
    0x080102ae   0x080102ae   0x00000028   Code   RO         1490    i.uxQueueMessagesWaiting  stm32746g_nucleo\queue.o
    0x080102d6   0x080102d6   0x0000001a   Code   RO         1491    i.uxQueueMessagesWaitingFromISR  stm32746g_nucleo\queue.o
    0x080102f0   0x080102f0   0x00000016   Code   RO         2022    i.vListInitialise   stm32746g_nucleo\list.o
    0x08010306   0x08010306   0x00000006   Code   RO         2023    i.vListInitialiseItem  stm32746g_nucleo\list.o
    0x0801030c   0x0801030c   0x00000030   Code   RO         2024    i.vListInsert       stm32746g_nucleo\list.o
    0x0801033c   0x0801033c   0x00000018   Code   RO         2025    i.vListInsertEnd    stm32746g_nucleo\list.o
    0x08010354   0x08010354   0x00000048   Code   RO           93    i.vPortEnterCritical  stm32746g_nucleo\port.o
    0x0801039c   0x0801039c   0x0000002c   Code   RO           94    i.vPortExitCritical  stm32746g_nucleo\port.o
    0x080103c8   0x080103c8   0x00000064   Code   RO            4    i.vPortFree         stm32746g_nucleo\heap_4.o
    0x0801042c   0x0801042c   0x00000024   Code   RO           95    i.vPortSetupTimerInterrupt  stm32746g_nucleo\port.o
    0x08010450   0x08010450   0x0000005c   Code   RO           96    i.vPortValidateInterruptPriority  stm32746g_nucleo\port.o
    0x080104ac   0x080104ac   0x00000028   Code   RO         1494    i.vQueueDelete      stm32746g_nucleo\queue.o
    0x080104d4   0x080104d4   0x00000028   Code   RO         1496    i.vQueueUnregisterQueue  stm32746g_nucleo\queue.o
    0x080104fc   0x080104fc   0x00000050   Code   RO         1700    i.vTaskDelay        stm32746g_nucleo\tasks.o
    0x0801054c   0x0801054c   0x000000b0   Code   RO         1701    i.vTaskDelete       stm32746g_nucleo\tasks.o
    0x080105fc   0x080105fc   0x00000010   Code   RO         1704    i.vTaskInternalSetTimeOutState  stm32746g_nucleo\tasks.o
    0x0801060c   0x0801060c   0x0000000c   Code   RO         1706    i.vTaskMissedYield  stm32746g_nucleo\tasks.o
    0x08010618   0x08010618   0x00000034   Code   RO         1708    i.vTaskPlaceOnEventList  stm32746g_nucleo\tasks.o
    0x0801064c   0x0801064c   0x000000b8   Code   RO         1710    i.vTaskPriorityDisinheritAfterTimeout  stm32746g_nucleo\tasks.o
    0x08010704   0x08010704   0x00000070   Code   RO         1715    i.vTaskStartScheduler  stm32746g_nucleo\tasks.o
    0x08010774   0x08010774   0x00000010   Code   RO         1716    i.vTaskSuspendAll   stm32746g_nucleo\tasks.o
    0x08010784   0x08010784   0x00000060   Code   RO         1717    i.vTaskSwitchContext  stm32746g_nucleo\tasks.o
    0x080107e4   0x080107e4   0x000000c0   Code   RO           97    i.xPortStartScheduler  stm32746g_nucleo\port.o
    0x080108a4   0x080108a4   0x00000030   Code   RO           98    i.xPortSysTickHandler  stm32746g_nucleo\port.o
    0x080108d4   0x080108d4   0x00000042   Code   RO         1497    i.xQueueCreateCountingSemaphore  stm32746g_nucleo\queue.o
    0x08010916   0x08010916   0x00000024   Code   RO         1498    i.xQueueCreateMutex  stm32746g_nucleo\queue.o
    0x0801093a   0x0801093a   0x00000056   Code   RO         1499    i.xQueueGenericCreate  stm32746g_nucleo\queue.o
    0x08010990   0x08010990   0x00000098   Code   RO         1500    i.xQueueGenericReset  stm32746g_nucleo\queue.o
    0x08010a28   0x08010a28   0x00000170   Code   RO         1501    i.xQueueGenericSend  stm32746g_nucleo\queue.o
    0x08010b98   0x08010b98   0x000000cc   Code   RO         1502    i.xQueueGenericSendFromISR  stm32746g_nucleo\queue.o
    0x08010c64   0x08010c64   0x000000ac   Code   RO         1503    i.xQueueGiveFromISR  stm32746g_nucleo\queue.o
    0x08010d10   0x08010d10   0x00000148   Code   RO         1509    i.xQueueReceive     stm32746g_nucleo\queue.o
    0x08010e58   0x08010e58   0x000000a8   Code   RO         1510    i.xQueueReceiveFromISR  stm32746g_nucleo\queue.o
    0x08010f00   0x08010f00   0x0000018c   Code   RO         1511    i.xQueueSemaphoreTake  stm32746g_nucleo\queue.o
    0x0801108c   0x0801108c   0x00000074   Code   RO         1718    i.xTaskCheckForTimeOut  stm32746g_nucleo\tasks.o
    0x08011100   0x08011100   0x00000056   Code   RO         1719    i.xTaskCreate       stm32746g_nucleo\tasks.o
    0x08011156   0x08011156   0x00000002   PAD
    0x08011158   0x08011158   0x0000001c   Code   RO         1723    i.xTaskGetSchedulerState  stm32746g_nucleo\tasks.o
    0x08011174   0x08011174   0x0000000c   Code   RO         1724    i.xTaskGetTickCount  stm32746g_nucleo\tasks.o
    0x08011180   0x08011180   0x00000010   Code   RO         1725    i.xTaskGetTickCountFromISR  stm32746g_nucleo\tasks.o
    0x08011190   0x08011190   0x000000cc   Code   RO         1726    i.xTaskIncrementTick  stm32746g_nucleo\tasks.o
    0x0801125c   0x0801125c   0x000000a8   Code   RO         1729    i.xTaskPriorityDisinherit  stm32746g_nucleo\tasks.o
    0x08011304   0x08011304   0x00000098   Code   RO         1730    i.xTaskPriorityInherit  stm32746g_nucleo\tasks.o
    0x0801139c   0x0801139c   0x00000078   Code   RO         1731    i.xTaskRemoveFromEventList  stm32746g_nucleo\tasks.o
    0x08011414   0x08011414   0x000000c8   Code   RO         1732    i.xTaskResumeAll    stm32746g_nucleo\tasks.o
    0x080114dc   0x080114dc   0x00000010   Data   RO          568    .constdata          stm32746g_nucleo\system_stm32f7xx.o
    0x080114ec   0x080114ec   0x00000008   Data   RO          569    .constdata          stm32746g_nucleo\system_stm32f7xx.o
    0x080114f4   0x080114f4   0x0000000a   Data   RO          717    .constdata          stm32746g_nucleo\stm32f7xx_nucleo_144.o
    0x080114fe   0x080114fe   0x00000002   PAD
    0x08011500   0x08011500   0x00000004   Data   RO         1420    .constdata          stm32746g_nucleo\ip4_addr.o
    0x08011504   0x08011504   0x00000004   Data   RO         1421    .constdata          stm32746g_nucleo\ip4_addr.o
    0x08011508   0x08011508   0x00000004   Data   RO         2157    .constdata          stm32746g_nucleo\api_msg.o
    0x0801150c   0x0801150c   0x00000006   Data   RO         3069    .constdata          stm32746g_nucleo\ethernet.o
    0x08011512   0x08011512   0x00000006   Data   RO         3070    .constdata          stm32746g_nucleo\ethernet.o
    0x08011518   0x08011518   0x0000000c   Data   RO         3122    .constdata          stm32746g_nucleo\sys_arch.o
    0x08011524   0x08011524   0x0000002c   Data   RO         3278    .constdata          stm32746g_nucleo\main.o
    0x08011550   0x08011550   0x00000014   Data   RO         3442    .constdata          stm32746g_nucleo\httpserver-netconn.o
    0x08011564   0x08011564   0x00000014   Data   RO         3513    .constdata          stm32746g_nucleo\ethernetif.o
    0x08011578   0x08011578   0x0000000c   Data   RO         4059    .constdata          stm32746g_nucleo\memp.o
    0x08011584   0x08011584   0x0000000c   Data   RO         4060    .constdata          stm32746g_nucleo\memp.o
    0x08011590   0x08011590   0x0000000c   Data   RO         4061    .constdata          stm32746g_nucleo\memp.o
    0x0801159c   0x0801159c   0x0000000c   Data   RO         4062    .constdata          stm32746g_nucleo\memp.o
    0x080115a8   0x080115a8   0x0000000c   Data   RO         4063    .constdata          stm32746g_nucleo\memp.o
    0x080115b4   0x080115b4   0x0000000c   Data   RO         4064    .constdata          stm32746g_nucleo\memp.o
    0x080115c0   0x080115c0   0x0000000c   Data   RO         4065    .constdata          stm32746g_nucleo\memp.o
    0x080115cc   0x080115cc   0x0000000c   Data   RO         4066    .constdata          stm32746g_nucleo\memp.o
    0x080115d8   0x080115d8   0x0000000c   Data   RO         4067    .constdata          stm32746g_nucleo\memp.o
    0x080115e4   0x080115e4   0x0000000c   Data   RO         4068    .constdata          stm32746g_nucleo\memp.o
    0x080115f0   0x080115f0   0x0000000c   Data   RO         4069    .constdata          stm32746g_nucleo\memp.o
    0x080115fc   0x080115fc   0x0000000c   Data   RO         4070    .constdata          stm32746g_nucleo\memp.o
    0x08011608   0x08011608   0x0000000c   Data   RO         4071    .constdata          stm32746g_nucleo\memp.o
    0x08011614   0x08011614   0x00000034   Data   RO         4072    .constdata          stm32746g_nucleo\memp.o
    0x08011648   0x08011648   0x00000028   Data   RO         4462    .constdata          stm32746g_nucleo\timeouts.o
    0x08011670   0x08011670   0x00000054   Data   RO         4644    .constdata          stm32746g_nucleo\tcp.o
    0x080116c4   0x080116c4   0x00000081   Data   RO         9090    .constdata          C:\Keil_v5\ARM\ARMCC\Bin\..\lib\armlib\mc_w.l(ctype_o.o)
    0x08011745   0x08011745   0x00000003   PAD
    0x08011748   0x08011748   0x00000004   Data   RO         9091    .constdata          C:\Keil_v5\ARM\ARMCC\Bin\..\lib\armlib\mc_w.l(ctype_o.o)
    0x0801174c   0x0801174c   0x00000044   Data   RO          792    .conststring        stm32746g_nucleo\icmp.o
    0x08011790   0x08011790   0x00000048   Data   RO          937    .conststring        stm32746g_nucleo\ip4_frag.o
    0x080117d8   0x080117d8   0x00000088   Data   RO         1033    .conststring        stm32746g_nucleo\dhcp.o
    0x08011860   0x08011860   0x00000043   Data   RO         1247    .conststring        stm32746g_nucleo\ip4.o
    0x080118a3   0x080118a3   0x00000001   PAD
    0x080118a4   0x080118a4   0x0000008a   Data   RO         1330    .conststring        stm32746g_nucleo\etharp.o
    0x0801192e   0x0801192e   0x00000002   PAD
    0x08011930   0x08011930   0x00000041   Data   RO         2158    .conststring        stm32746g_nucleo\api_msg.o
    0x08011971   0x08011971   0x00000003   PAD
    0x08011974   0x08011974   0x00000041   Data   RO         2393    .conststring        stm32746g_nucleo\api_lib.o
    0x080119b5   0x080119b5   0x00000003   PAD
    0x080119b8   0x080119b8   0x00000044   Data   RO         3071    .conststring        stm32746g_nucleo\ethernet.o
    0x080119fc   0x080119fc   0x0000000e   Data   RO         3279    .conststring        stm32746g_nucleo\main.o
    0x08011a0a   0x08011a0a   0x00000002   PAD
    0x08011a0c   0x08011a0c   0x00000006   Data   RO         3443    .conststring        stm32746g_nucleo\httpserver-netconn.o
    0x08011a12   0x08011a12   0x00000002   PAD
    0x08011a14   0x08011a14   0x00000006   Data   RO         3514    .conststring        stm32746g_nucleo\ethernetif.o
    0x08011a1a   0x08011a1a   0x00000002   PAD
    0x08011a1c   0x08011a1c   0x0000009a   Data   RO         4325    .conststring        stm32746g_nucleo\tcp_out.o
    0x08011ab6   0x08011ab6   0x00000002   PAD
    0x08011ab8   0x08011ab8   0x00000043   Data   RO         4464    .conststring        stm32746g_nucleo\timeouts.o
    0x08011afb   0x08011afb   0x00000001   PAD
    0x08011afc   0x08011afc   0x00000041   Data   RO         4538    .conststring        stm32746g_nucleo\tcp_in.o
    0x08011b3d   0x08011b3d   0x00000003   PAD
    0x08011b40   0x08011b40   0x00000075   Data   RO         4645    .conststring        stm32746g_nucleo\tcp.o
    0x08011bb5   0x08011bb5   0x00000003   PAD
    0x08011bb8   0x08011bb8   0x00000020   Data   RO         9460    Region$$Table       anon$$obj.o


    Execution Region RW_IRAM1 (Exec base: 0x20000000, Load base: 0x08011bd8, Size: 0x0004f0a0, Max: 0x00050000, ABSOLUTE, COMPRESSED[0x00000024])

    Exec Addr    Load Addr    Size         Type   Attr      Idx    E Section Name        Object

    0x20000000   COMPRESSED   0x00000018   Data   RW            9    .data               stm32746g_nucleo\heap_4.o
    0x20000018   COMPRESSED   0x0000000c   Data   RW           99    .data               stm32746g_nucleo\port.o
    0x20000024   COMPRESSED   0x00000004   Data   RW          570    .data               stm32746g_nucleo\system_stm32f7xx.o
    0x20000028   COMPRESSED   0x00000010   Data   RW          718    .data               stm32746g_nucleo\stm32f7xx_nucleo_144.o
    0x20000038   COMPRESSED   0x00000008   Data   RW          938    .data               stm32746g_nucleo\ip4_frag.o
    0x20000040   COMPRESSED   0x00000014   Data   RW         1034    .data               stm32746g_nucleo\dhcp.o
    0x20000054   COMPRESSED   0x00000002   Data   RW         1248    .data               stm32746g_nucleo\ip4.o
    0x20000056   COMPRESSED   0x00000001   Data   RW         1331    .data               stm32746g_nucleo\etharp.o
    0x20000057   COMPRESSED   0x00000001   PAD
    0x20000058   COMPRESSED   0x0000003c   Data   RW         1734    .data               stm32746g_nucleo\tasks.o
    0x20000094   COMPRESSED   0x00000010   Data   RW         2573    .data               stm32746g_nucleo\tcpip.o
    0x200000a4   COMPRESSED   0x00000004   Data   RW         3124    .data               stm32746g_nucleo\sys_arch.o
    0x200000a8   COMPRESSED   0x00000010   Data   RW         3280    .data               stm32746g_nucleo\main.o
    0x200000b8   COMPRESSED   0x00000001   Data   RW         3401    .data               stm32746g_nucleo\app_ethernet.o
    0x200000b9   COMPRESSED   0x00000003   PAD
    0x200000bc   COMPRESSED   0x00000008   Data   RW         3444    .data               stm32746g_nucleo\httpserver-netconn.o
    0x200000c4   COMPRESSED   0x00000004   Data   RW         3515    .data               stm32746g_nucleo\ethernetif.o
    0x200000c8   COMPRESSED   0x00000008   Data   RW         3941    .data               stm32746g_nucleo\udp.o
    0x200000d0   COMPRESSED   0x00000004   Data   RW         4073    .data               stm32746g_nucleo\memp.o
    0x200000d4   COMPRESSED   0x00000004   Data   RW         4074    .data               stm32746g_nucleo\memp.o
    0x200000d8   COMPRESSED   0x00000004   Data   RW         4075    .data               stm32746g_nucleo\memp.o
    0x200000dc   COMPRESSED   0x00000004   Data   RW         4076    .data               stm32746g_nucleo\memp.o
    0x200000e0   COMPRESSED   0x00000004   Data   RW         4077    .data               stm32746g_nucleo\memp.o
    0x200000e4   COMPRESSED   0x00000004   Data   RW         4078    .data               stm32746g_nucleo\memp.o
    0x200000e8   COMPRESSED   0x00000004   Data   RW         4079    .data               stm32746g_nucleo\memp.o
    0x200000ec   COMPRESSED   0x00000004   Data   RW         4080    .data               stm32746g_nucleo\memp.o
    0x200000f0   COMPRESSED   0x00000004   Data   RW         4081    .data               stm32746g_nucleo\memp.o
    0x200000f4   COMPRESSED   0x00000004   Data   RW         4082    .data               stm32746g_nucleo\memp.o
    0x200000f8   COMPRESSED   0x00000004   Data   RW         4083    .data               stm32746g_nucleo\memp.o
    0x200000fc   COMPRESSED   0x00000004   Data   RW         4084    .data               stm32746g_nucleo\memp.o
    0x20000100   COMPRESSED   0x00000004   Data   RW         4085    .data               stm32746g_nucleo\memp.o
    0x20000104   COMPRESSED   0x00000010   Data   RW         4243    .data               stm32746g_nucleo\mem.o
    0x20000114   COMPRESSED   0x0000000c   Data   RW         4465    .data               stm32746g_nucleo\timeouts.o
    0x20000120   COMPRESSED   0x00000024   Data   RW         4539    .data               stm32746g_nucleo\tcp_in.o
    0x20000144   COMPRESSED   0x00000020   Data   RW         4646    .data               stm32746g_nucleo\tcp.o
    0x20000164   COMPRESSED   0x0000000c   Data   RW         4979    .data               stm32746g_nucleo\netif.o
    0x20000170   COMPRESSED   0x0000000c   Data   RW         5400    .data               stm32746g_nucleo\stm32f7xx_hal.o
    0x2000017c   COMPRESSED   0x00000004   Data   RW         9118    .data               C:\Keil_v5\ARM\ARMCC\Bin\..\lib\armlib\mc_w.l(rand.o)
    0x20000180   COMPRESSED   0x00000004   Data   RW         9421    .data               C:\Keil_v5\ARM\ARMCC\Bin\..\lib\armlib\mc_w.l(stdout.o)
    0x20000184   COMPRESSED   0x00000004   Data   RW         9431    .data               C:\Keil_v5\ARM\ARMCC\Bin\..\lib\armlib\mc_w.l(errno.o)
    0x20000188        -       0x00005000   Zero   RW            8    .bss                stm32746g_nucleo\heap_4.o
    0x20005188        -       0x00000020   Zero   RW         1032    .bss                stm32746g_nucleo\dhcp.o
    0x200051a8        -       0x000000f0   Zero   RW         1329    .bss                stm32746g_nucleo\etharp.o
    0x20005298        -       0x00000040   Zero   RW         1513    .bss                stm32746g_nucleo\queue.o
    0x200052d8        -       0x000000dc   Zero   RW         1733    .bss                stm32746g_nucleo\tasks.o
    0x200053b4        -       0x00000038   Zero   RW         3277    .bss                stm32746g_nucleo\main.o
    0x200053ec        -       0x00000048   Zero   RW         3512    .bss                stm32746g_nucleo\ethernetif.o
    0x20005434        -       0x00000040   Zero   RW         3660    .bss                stm32746g_nucleo\stm32f7xx_hal_timebase_tim.o
    0x20005474        -       0x000000c3   Zero   RW         4046    .bss                stm32746g_nucleo\memp.o
    0x20005537        -       0x00000643   Zero   RW         4047    .bss                stm32746g_nucleo\memp.o
    0x20005b7a        -       0x0000008f   Zero   RW         4048    .bss                stm32746g_nucleo\memp.o
    0x20005c09        -       0x00000083   Zero   RW         4049    .bss                stm32746g_nucleo\memp.o
    0x20005c8c        -       0x000000a3   Zero   RW         4050    .bss                stm32746g_nucleo\memp.o
    0x20005d2f        -       0x0000016b   Zero   RW         4051    .bss                stm32746g_nucleo\memp.o
    0x20005e9a        -       0x00000023   Zero   RW         4052    .bss                stm32746g_nucleo\memp.o
    0x20005ebd        -       0x000000b3   Zero   RW         4053    .bss                stm32746g_nucleo\memp.o
    0x20005f70        -       0x00000083   Zero   RW         4054    .bss                stm32746g_nucleo\memp.o
    0x20005ff3        -       0x00000083   Zero   RW         4055    .bss                stm32746g_nucleo\memp.o
    0x20006076        -       0x000000a3   Zero   RW         4056    .bss                stm32746g_nucleo\memp.o
    0x20006119        -       0x000000a3   Zero   RW         4057    .bss                stm32746g_nucleo\memp.o
    0x200061bc        -       0x00003023   Zero   RW         4058    .bss                stm32746g_nucleo\memp.o
    0x200091df        -       0x00002813   Zero   RW         4242    .bss                stm32746g_nucleo\mem.o
    0x2000b9f2   COMPRESSED   0x00000002   PAD
    0x2000b9f4        -       0x00000018   Zero   RW         4289    .bss                stm32746g_nucleo\ip.o
    0x2000ba0c        -       0x00000010   Zero   RW         4537    .bss                stm32746g_nucleo\tcp_in.o
    0x2000ba1c   COMPRESSED   0x00000004   PAD
    0x2000ba20        -       0x00000460   Zero   RW         8910    STACK               stm32746g_nucleo\startup_stm32f746xx.o
    0x2000be80   COMPRESSED   0x00040180   PAD
    0x2004c000        -       0x00000080   Zero   RW         3508    .ARM.__AT_0x2004C000  stm32746g_nucleo\ethernetif.o
    0x2004c080        -       0x00000080   Zero   RW         3509    .ARM.__AT_0x2004C080  stm32746g_nucleo\ethernetif.o
    0x2004c100        -       0x000017d0   Zero   RW         3510    .ARM.__AT_0x2004C100  stm32746g_nucleo\ethernetif.o
    0x2004d8d0        -       0x000017d0   Zero   RW         3511    .ARM.__AT_0x2004D8D0  stm32746g_nucleo\ethernetif.o


==============================================================================

Image component sizes


      Code (inc. data)   RO Data    RW Data    ZI Data      Debug   Object Name

      1336        592         65          0          0      26997   stm32746g_nucleo\api_lib.o
      5164       1900         69          0          0      46050   stm32746g_nucleo\api_msg.o
       176         18          0          1          0       3779   stm32746g_nucleo\app_ethernet.o
      1102         38          0          0          0      43239   stm32746g_nucleo\cmsis_os.o
         0          0          0          0          0       8724   stm32746g_nucleo\croutine.o
         8          0          0          0          0       1354   stm32746g_nucleo\def.o
      5418       1390        136         20         32      39956   stm32746g_nucleo\dhcp.o
         0          0          0          0          0       2692   stm32746g_nucleo\err.o
      2588        824        138          1        240      14655   stm32746g_nucleo\etharp.o
       360        102         80          0          0       3254   stm32746g_nucleo\ethernet.o
      1048        172         26          4      12520      11494   stm32746g_nucleo\ethernetif.o
       484         24          0         24      20480      16687   stm32746g_nucleo\heap_4.o
       188         40         26          8          0      11319   stm32746g_nucleo\httpserver-netconn.o
       684        248         68          0          0      29747   stm32746g_nucleo\icmp.o
         0          0          0          0          0       2324   stm32746g_nucleo\igmp.o
       166          0          0          0          0       3107   stm32746g_nucleo\inet_chksum.o
        34          0          0          0          0        708   stm32746g_nucleo\init.o
         0          0          0          0         24       3478   stm32746g_nucleo\ip.o
       902        136         67          2          0       9240   stm32746g_nucleo\ip4.o
        46          0          8          0          0      12382   stm32746g_nucleo\ip4_addr.o
      2512        766         72          8          0      17697   stm32746g_nucleo\ip4_frag.o
       138          0          0          0          0       4342   stm32746g_nucleo\list.o
      1144         84         58         16         56      45795   stm32746g_nucleo\main.o
      2252       1122          0         16      10259       8889   stm32746g_nucleo\mem.o
       810        564        208         52      15723      12352   stm32746g_nucleo\memp.o
        34          0          0          0          0      10692   stm32746g_nucleo\netbuf.o
      1474        800          0         12          0      16424   stm32746g_nucleo\netif.o
      3516       1960          0          0          0      18512   stm32746g_nucleo\pbuf.o
       774         80          0         12          0      13589   stm32746g_nucleo\port.o
      2402         24          0          0         64      36336   stm32746g_nucleo\queue.o
        36          8        456          0       1120        904   stm32746g_nucleo\startup_stm32f746xx.o
       102         18          0         12          0       9884   stm32746g_nucleo\stm32f7xx_hal.o
       316         28          0          0          0      41168   stm32746g_nucleo\stm32f7xx_hal_cortex.o
      2006         64          0          0          0      14472   stm32746g_nucleo\stm32f7xx_hal_eth.o
       482         52          0          0          0       2964   stm32746g_nucleo\stm32f7xx_hal_gpio.o
       108          8          0          0          0       1540   stm32746g_nucleo\stm32f7xx_hal_pwr_ex.o
      1408         66          0          0          0       6682   stm32746g_nucleo\stm32f7xx_hal_rcc.o
       698         50          0          0          0       8604   stm32746g_nucleo\stm32f7xx_hal_tim.o
         6          0          0          0          0       2692   stm32746g_nucleo\stm32f7xx_hal_tim_ex.o
       144         24          0          0         64       2953   stm32746g_nucleo\stm32f7xx_hal_timebase_tim.o
        28          6          0          0          0       4424   stm32746g_nucleo\stm32f7xx_it.o
       144         32         10         16          0       6454   stm32746g_nucleo\stm32f7xx_nucleo_144.o
       478         26         12          4          0      21832   stm32746g_nucleo\sys_arch.o
        84         16         24          4          0     850283   stm32746g_nucleo\system_stm32f7xx.o
      2478        188          0         60        220      32400   stm32746g_nucleo\tasks.o
      8376       4480        201         32          0      46696   stm32746g_nucleo\tcp.o
      5360       1414         65         36         16      22791   stm32746g_nucleo\tcp_in.o
      7440       2960        154          0          0      39466   stm32746g_nucleo\tcp_out.o
      1032        610          0         16          0      13212   stm32746g_nucleo\tcpip.o
       664        278        107         12          0       8951   stm32746g_nucleo\timeouts.o
      2778       1504          0          8          0      14267   stm32746g_nucleo\udp.o

    ----------------------------------------------------------------------
     68992      22716       2108        380     323352    1628453   Object Totals
         0          0         32          0          0          0   (incl. Generated)
        64          0         26          4     262534          0   (incl. Padding)

    ----------------------------------------------------------------------

      Code (inc. data)   RO Data    RW Data    ZI Data      Debug   Library Member Name

        86          0          0          0          0          0   C:\Keil_v5\ARM\ARMCC\Bin\..\lib\armlib\mc_w.l(__dczerorl2.o)
        28          0          0          0          0         68   C:\Keil_v5\ARM\ARMCC\Bin\..\lib\armlib\mc_w.l(_chval.o)
       158          0          0          0          0         92   C:\Keil_v5\ARM\ARMCC\Bin\..\lib\armlib\mc_w.l(_strtoul.o)
        26          0          0          0          0         80   C:\Keil_v5\ARM\ARMCC\Bin\..\lib\armlib\mc_w.l(atoi.o)
         8          4        133          0          0         68   C:\Keil_v5\ARM\ARMCC\Bin\..\lib\armlib\mc_w.l(ctype_o.o)
         0          0          0          0          0          0   C:\Keil_v5\ARM\ARMCC\Bin\..\lib\armlib\mc_w.l(entry.o)
         0          0          0          0          0          0   C:\Keil_v5\ARM\ARMCC\Bin\..\lib\armlib\mc_w.l(entry10a.o)
         0          0          0          0          0          0   C:\Keil_v5\ARM\ARMCC\Bin\..\lib\armlib\mc_w.l(entry11a.o)
         8          4          0          0          0          0   C:\Keil_v5\ARM\ARMCC\Bin\..\lib\armlib\mc_w.l(entry2.o)
         4          0          0          0          0          0   C:\Keil_v5\ARM\ARMCC\Bin\..\lib\armlib\mc_w.l(entry5.o)
         0          0          0          0          0          0   C:\Keil_v5\ARM\ARMCC\Bin\..\lib\armlib\mc_w.l(entry7b.o)
         0          0          0          0          0          0   C:\Keil_v5\ARM\ARMCC\Bin\..\lib\armlib\mc_w.l(entry8b.o)
         8          4          0          0          0          0   C:\Keil_v5\ARM\ARMCC\Bin\..\lib\armlib\mc_w.l(entry9a.o)
         8          4          0          4          0         68   C:\Keil_v5\ARM\ARMCC\Bin\..\lib\armlib\mc_w.l(errno.o)
        18          0          0          0          0         80   C:\Keil_v5\ARM\ARMCC\Bin\..\lib\armlib\mc_w.l(fputc.o)
        30          0          0          0          0          0   C:\Keil_v5\ARM\ARMCC\Bin\..\lib\armlib\mc_w.l(handlers.o)
        36          8          0          0          0         68   C:\Keil_v5\ARM\ARMCC\Bin\..\lib\armlib\mc_w.l(init.o)
         0          0          0          0          0          0   C:\Keil_v5\ARM\ARMCC\Bin\..\lib\armlib\mc_w.l(iusesemip.o)
        30          0          0          0          0         68   C:\Keil_v5\ARM\ARMCC\Bin\..\lib\armlib\mc_w.l(llshl.o)
        32          0          0          0          0         68   C:\Keil_v5\ARM\ARMCC\Bin\..\lib\armlib\mc_w.l(llushr.o)
        26          0          0          0          0         80   C:\Keil_v5\ARM\ARMCC\Bin\..\lib\armlib\mc_w.l(memcmp.o)
        64          0          0          0          0         76   C:\Keil_v5\ARM\ARMCC\Bin\..\lib\armlib\mc_w.l(memmovea.o)
        36          0          0          0          0        108   C:\Keil_v5\ARM\ARMCC\Bin\..\lib\armlib\mc_w.l(memseta.o)
       522         20          0          0          0        336   C:\Keil_v5\ARM\ARMCC\Bin\..\lib\armlib\mc_w.l(printf3.o)
        36         10          0          4          0        136   C:\Keil_v5\ARM\ARMCC\Bin\..\lib\armlib\mc_w.l(rand.o)
         0          0          0          0          0          0   C:\Keil_v5\ARM\ARMCC\Bin\..\lib\armlib\mc_w.l(semi.o)
         0          0          0          4          0          0   C:\Keil_v5\ARM\ARMCC\Bin\..\lib\armlib\mc_w.l(stdout.o)
       112          0          0          0          0         88   C:\Keil_v5\ARM\ARMCC\Bin\..\lib\armlib\mc_w.l(strtol.o)
        44          0          0          0          0         80   C:\Keil_v5\ARM\ARMCC\Bin\..\lib\armlib\mc_w.l(uidiv.o)
        98          0          0          0          0         92   C:\Keil_v5\ARM\ARMCC\Bin\..\lib\armlib\mc_w.l(uldiv.o)

    ----------------------------------------------------------------------
      1428         54        136         12          0       1656   Library Totals
        10          0          3          0          0          0   (incl. Padding)

    ----------------------------------------------------------------------

      Code (inc. data)   RO Data    RW Data    ZI Data      Debug   Library Name

      1418         54        133         12          0       1656   C:\Keil_v5\ARM\ARMCC\Bin\..\lib\armlib\mc_w.l

    ----------------------------------------------------------------------
      1428         54        136         12          0       1656   Library Totals

    ----------------------------------------------------------------------

==============================================================================


      Code (inc. data)   RO Data    RW Data    ZI Data      Debug   

     70420      22770       2244        392     323352    1588013   Grand Totals
     70420      22770       2244         36     323352    1588013   ELF Image Totals (compressed)
     70420      22770       2244         36          0          0   ROM Totals

==============================================================================

    Total RO  Size (Code + RO Data)                72664 (  70.96kB)
    Total RW  Size (RW Data + ZI Data)            323744 ( 316.16kB)
    Total ROM Size (Code + RO Data + RW Data)      72700 (  71.00kB)

==============================================================================

