<html>
<body>
<pre>
<h1>µVision Build Log</h1>
<h2>Tool Versions:</h2>
IDE-Version: µVision V5.25.2.0
Copyright (C) 2018 ARM Ltd and ARM Germany GmbH. All rights reserved.
License Information: ali aliba, a, LIC=1WSAR-KWKH0-D1ZPR-KQKMW-SS448-RMYFX
 
Tool Versions:
Toolchain:       MDK-ARM Professional  Version: 5.25.2.0
Toolchain Path:  C:\Keil_v5\ARM\ARMCC\Bin
C Compiler:      Armcc.exe V5.06 update 6 (build 750)
Assembler:       Armasm.exe V5.06 update 6 (build 750)
Linker/Locator:  ArmLink.exe V5.06 update 6 (build 750)
Library Manager: ArmAr.exe V5.06 update 6 (build 750)
Hex Converter:   FromElf.exe V5.06 update 6 (build 750)
CPU DLL:         SARMCM3.DLL V5.25.2.0
Dialog DLL:      DCM.DLL V1.17.1.0
Target DLL:      STLink\ST-LINKIII-KEIL_SWO.dll V3.0.1.0
Dialog DLL:      TCM.DLL V1.35.1.0
 
<h2>Project:</h2>
C:\Users\aliba\STM32Cube\Repository\STM32Cube_FW_F7_V1.16.0\Projects\STM32F746ZG-Nucleo\Applications\LwIP\LwIP_HTTP_Server_Netconn_RTOS\MDK-ARM\Project.uvprojx
Project File Date:  04/16/2020

<h2>Output:</h2>
*** Using Compiler 'V5.06 update 6 (build 750)', folder: 'C:\Keil_v5\ARM\ARMCC\Bin'
Build target 'STM32746G_Nucleo'
compiling httpserver-netconn.c...
../Src/httpserver-netconn.c(93): warning:  #177-D: variable "temp"  was declared but never referenced
  	char * temp;
../Src/httpserver-netconn.c(184): warning:  #111-D: statement is unreachable
  						netconn_close(newconn);
../Src/httpserver-netconn.c(133): warning:  #177-D: variable "recv_err"  was declared but never referenced
  err_t recv_err,err,accept_err;
../Src/httpserver-netconn.c(142): warning:  #177-D: variable "os_thread_def_Motor"  was declared but never referenced
  osThreadDef(Motor,MotorTask,osPriorityNormal,0,configMINIMAL_STACK_SIZE*5);
../Src/httpserver-netconn.c(91): warning:  #177-D: function "http_server_netconn_thread_recv"  was declared but never referenced
  static void http_server_netconn_thread_recv(void *args){
../Src/httpserver-netconn.c: 5 warnings, 0 errors
linking...
Program Size: Code=70420 RO-data=2244 RW-data=392 ZI-data=323352  
"STM32746G_Nucleo\STM32746G_Nucleo.axf" - 0 Error(s), 5 Warning(s).

<h2>Software Packages used:</h2>

Package Vendor: ARM
                http://www.keil.com/pack/ARM.CMSIS.5.3.0.pack
                ARM.CMSIS.5.3.0
                CMSIS (Cortex Microcontroller Software Interface Standard)
   * Component: CORE Version: 5.1.1

Package Vendor: Keil
                https://www.keil.com/pack/Keil.STM32F7xx_DFP.2.12.0.pack
                Keil.STM32F7xx_DFP.2.12.0
                STMicroelectronics STM32F7 Series Device Support, Drivers and Examples

<h2>Collection of Component include folders:</h2>
  .\RTE\_STM32746G_Nucleo
  C:\Keil_v5\ARM\PACK\ARM\CMSIS\5.3.0\CMSIS\Include
  C:\Keil_v5\ARM\PACK\Keil\STM32F7xx_DFP\2.12.0\Drivers\CMSIS\Device\ST\STM32F7xx\Include

<h2>Collection of Component Files used:</h2>

   * Component: ARM::CMSIS:CORE:5.1.1
Build Time Elapsed:  00:00:38
</pre>
</body>
</html>
